Java
Pattern regex = Pattern.compile("(?:[$€¥£])? *[\\+-]\\+?\\d*(?:,\\d{2})?");
(?:[$€¥£])? *[\\+-]\\+?\\d*(?:,\\d{2})?
Perl
my $regex = /(?:[$€¥£])? *[\+-]\+?\d*(?:,\d{2})?/;
(?:[$€¥£])? *[\+-]\+?\d*(?:,\d{2})?
POSIX
(?:[$€¥£])? *[\+-]\+?\d*(?:,\d{2})?
(?:[$€¥£])? *[\+-]\+?\d*(?:,\d{2})?
Python
regex = re.compile(r'(?:[$€¥£])? *[\+-]\+?\d*(?:,\d{2})?')
(?:[$€¥£])? *[\+-]\+?\d*(?:,\d{2})?
JavaScript
const regex = /(?:[$€¥£])? *[\+-]\+?\d*(?:,\d{2})?/;
(?:[$€¥£])? *[\+-]\+?\d*(?:,\d{2})?
PHP
$regex = '/(?:[$€¥£])? *[\+-]\+?\d*(?:,\d{2})?/';
(?:[$€¥£])? *[\+-]\+?\d*(?:,\d{2})?
Golang
regex, _ := regexp.Compile("(?:[$€¥£])? *[\\+-]\\+?\\d*(?:,\\d{2})?")
(?:[$€¥£])? *[\\+-]\\+?\\d*(?:,\\d{2})?
Rust
let re = Regex::new(r"(?:[$€¥£])? *[\+-]\+?\d*(?:,\d{2})?").unwrap();
(?:[$€¥£])? *[\+-]\+?\d*(?:,\d{2})?
C#
var re = new Regex(@"(?:[$€¥£])? *[\+-]\+?\d*(?:,\d{2})?");
(?:[$€¥£])? *[\+-]\+?\d*(?:,\d{2})?
Scala
val re = "(?:[$€¥£])? *[\\+-]\\+?\\d*(?:,\\d{2})?".r
(?:[$€¥£])? *[\\+-]\\+?\\d*(?:,\\d{2})?
Kotlin
val regex = Regex("(?:[$€¥£])? *[\\+-]\\+?\\d*(?:,\\d{2})?")
(?:[$€¥£])? *[\\+-]\\+?\\d*(?:,\\d{2})?