Java
Pattern regex = Pattern.compile("[\\+-]\\+?\\d*(,\\d{2,7})?");
[\\+-]\\+?\\d*(,\\d{2,7})?
Perl
my $regex = /[\+-]\+?\d*(,\d{2,7})?/;
[\+-]\+?\d*(,\d{2,7})?
POSIX
[\+-]\+?\d*(,\d{2,7})?
[\+-]\+?\d*(,\d{2,7})?
Python
regex = re.compile(r'[\+-]\+?\d*(,\d{2,7})?')
[\+-]\+?\d*(,\d{2,7})?
JavaScript
const regex = /[\+-]\+?\d*(,\d{2,7})?/;
[\+-]\+?\d*(,\d{2,7})?
PHP
$regex = '/[\+-]\+?\d*(,\d{2,7})?/';
[\+-]\+?\d*(,\d{2,7})?
Golang
regex, _ := regexp.Compile("[\\+-]\\+?\\d*(,\\d{2,7})?")
[\\+-]\\+?\\d*(,\\d{2,7})?
Rust
let re = Regex::new(r"[\+-]\+?\d*(,\d{2,7})?").unwrap();
[\+-]\+?\d*(,\d{2,7})?
C#
var re = new Regex(@"[\+-]\+?\d*(,\d{2,7})?");
[\+-]\+?\d*(,\d{2,7})?
Scala
val re = "[\\+-]\\+?\\d*(,\\d{2,7})?".r
[\\+-]\\+?\\d*(,\\d{2,7})?
Kotlin
val regex = Regex("[\\+-]\\+?\\d*(,\\d{2,7})?")
[\\+-]\\+?\\d*(,\\d{2,7})?