Java
Pattern regex = Pattern.compile("\\b(?:AFN|EUR|DZD|XCD|BHD|AUD|USD|BZD|ZMW|VND|UZS|UAH|TMT)\\b");
\\b(?:AFN|EUR|DZD|XCD|BHD|AUD|USD|BZD|ZMW|VND|UZS|UAH|TMT)\\b
Perl
my $regex = /\b(?:AFN|EUR|DZD|XCD|BHD|AUD|USD|BZD|ZMW|VND|UZS|UAH|TMT)\b/;
\b(?:AFN|EUR|DZD|XCD|BHD|AUD|USD|BZD|ZMW|VND|UZS|UAH|TMT)\b
POSIX
\b(?:AFN|EUR|DZD|XCD|BHD|AUD|USD|BZD|ZMW|VND|UZS|UAH|TMT)\b
\b(?:AFN|EUR|DZD|XCD|BHD|AUD|USD|BZD|ZMW|VND|UZS|UAH|TMT)\b
Python
regex = re.compile(r'\b(?:AFN|EUR|DZD|XCD|BHD|AUD|USD|BZD|ZMW|VND|UZS|UAH|TMT)\b')
\b(?:AFN|EUR|DZD|XCD|BHD|AUD|USD|BZD|ZMW|VND|UZS|UAH|TMT)\b
JavaScript
const regex = /\b(?:AFN|EUR|DZD|XCD|BHD|AUD|USD|BZD|ZMW|VND|UZS|UAH|TMT)\b/;
\b(?:AFN|EUR|DZD|XCD|BHD|AUD|USD|BZD|ZMW|VND|UZS|UAH|TMT)\b
PHP
$regex = '/\b(?:AFN|EUR|DZD|XCD|BHD|AUD|USD|BZD|ZMW|VND|UZS|UAH|TMT)\b/';
\b(?:AFN|EUR|DZD|XCD|BHD|AUD|USD|BZD|ZMW|VND|UZS|UAH|TMT)\b
Golang
regex, _ := regexp.Compile("\\b(?:AFN|EUR|DZD|XCD|BHD|AUD|USD|BZD|ZMW|VND|UZS|UAH|TMT)\\b")
\\b(?:AFN|EUR|DZD|XCD|BHD|AUD|USD|BZD|ZMW|VND|UZS|UAH|TMT)\\b
Rust
let re = Regex::new(r"\b(?:AFN|EUR|DZD|XCD|BHD|AUD|USD|BZD|ZMW|VND|UZS|UAH|TMT)\b").unwrap();
\b(?:AFN|EUR|DZD|XCD|BHD|AUD|USD|BZD|ZMW|VND|UZS|UAH|TMT)\b
C#
var re = new Regex(@"\b(?:AFN|EUR|DZD|XCD|BHD|AUD|USD|BZD|ZMW|VND|UZS|UAH|TMT)\b");
\b(?:AFN|EUR|DZD|XCD|BHD|AUD|USD|BZD|ZMW|VND|UZS|UAH|TMT)\b
Scala
val re = "\\b(?:AFN|EUR|DZD|XCD|BHD|AUD|USD|BZD|ZMW|VND|UZS|UAH|TMT)\\b".r
\\b(?:AFN|EUR|DZD|XCD|BHD|AUD|USD|BZD|ZMW|VND|UZS|UAH|TMT)\\b
Kotlin
val regex = Regex("\\b(?:AFN|EUR|DZD|XCD|BHD|AUD|USD|BZD|ZMW|VND|UZS|UAH|TMT)\\b")
\\b(?:AFN|EUR|DZD|XCD|BHD|AUD|USD|BZD|ZMW|VND|UZS|UAH|TMT)\\b