Java
Pattern regex = Pattern.compile("[\\x00-\\x1F]");
[\\x00-\\x1F]
Perl
my $regex = /[\x00-\x1F]/;
[\x00-\x1F]
POSIX
[\x00-\x1F]
[\x00-\x1F]
Python
regex = re.compile(r'[\x00-\x1F]')
[\x00-\x1F]
JavaScript
const regex = /[\x00-\x1F]/;
[\x00-\x1F]
PHP
$regex = '/[\x00-\x1F]/';
[\x00-\x1F]
Golang
regex, _ := regexp.Compile("[\\x00-\\x1F]")
[\\x00-\\x1F]
Rust
let re = Regex::new(r"[\x00-\x1F]").unwrap();
[\x00-\x1F]
C#
var re = new Regex(@"[\x00-\x1F]");
[\x00-\x1F]
Scala
val re = "[\\x00-\\x1F]".r
[\\x00-\\x1F]
Kotlin
val regex = Regex("[\\x00-\\x1F]")
[\\x00-\\x1F]