Java
Pattern regex = Pattern.compile("(?:[12][0-9]|0?[1-9]|30|[12][0-9]|0?[1-9]|3[01]|[12][0-9]|0?[1-9])[-/.](?:1[0-2]|0?[1-9])[-/.][0-9]{2}[-/.][0-9]{4}");
(?:[12][0-9]|0?[1-9]|30|[12][0-9]|0?[1-9]|3[01]|[12][0-9]|0?[1-9])[-/.](?:1[0-2]|0?[1-9])[-/.][0-9]{2}[-/.][0-9]{4}
Perl
my $regex = /(?:[12][0-9]|0?[1-9]|30|[12][0-9]|0?[1-9]|3[01]|[12][0-9]|0?[1-9])[-\/.](?:1[0-2]|0?[1-9])[-\/.][0-9]{2}[-\/.][0-9]{4}/;
(?:[12][0-9]|0?[1-9]|30|[12][0-9]|0?[1-9]|3[01]|[12][0-9]|0?[1-9])[-\/.](?:1[0-2]|0?[1-9])[-\/.][0-9]{2}[-\/.][0-9]{4}
POSIX
(?:[12][0-9]|0?[1-9]|30|[12][0-9]|0?[1-9]|3[01]|[12][0-9]|0?[1-9])[-/.](?:1[0-2]|0?[1-9])[-/.][0-9]{2}[-/.][0-9]{4}
(?:[12][0-9]|0?[1-9]|30|[12][0-9]|0?[1-9]|3[01]|[12][0-9]|0?[1-9])[-/.](?:1[0-2]|0?[1-9])[-/.][0-9]{2}[-/.][0-9]{4}
Python
regex = re.compile(r'(?:[12][0-9]|0?[1-9]|30|[12][0-9]|0?[1-9]|3[01]|[12][0-9]|0?[1-9])[-\/.](?:1[0-2]|0?[1-9])[-\/.][0-9]{2}[-\/.][0-9]{4}')
(?:[12][0-9]|0?[1-9]|30|[12][0-9]|0?[1-9]|3[01]|[12][0-9]|0?[1-9])[-\/.](?:1[0-2]|0?[1-9])[-\/.][0-9]{2}[-\/.][0-9]{4}
JavaScript
const regex = /(?:[12][0-9]|0?[1-9]|30|[12][0-9]|0?[1-9]|3[01]|[12][0-9]|0?[1-9])[-\/.](?:1[0-2]|0?[1-9])[-\/.][0-9]{2}[-\/.][0-9]{4}/;
(?:[12][0-9]|0?[1-9]|30|[12][0-9]|0?[1-9]|3[01]|[12][0-9]|0?[1-9])[-\/.](?:1[0-2]|0?[1-9])[-\/.][0-9]{2}[-\/.][0-9]{4}
PHP
$regex = '/(?:[12][0-9]|0?[1-9]|30|[12][0-9]|0?[1-9]|3[01]|[12][0-9]|0?[1-9])[-\/.](?:1[0-2]|0?[1-9])[-\/.][0-9]{2}[-\/.][0-9]{4}/';
(?:[12][0-9]|0?[1-9]|30|[12][0-9]|0?[1-9]|3[01]|[12][0-9]|0?[1-9])[-\/.](?:1[0-2]|0?[1-9])[-\/.][0-9]{2}[-\/.][0-9]{4}
Golang
regex, _ := regexp.Compile("(?:[12][0-9]|0?[1-9]|30|[12][0-9]|0?[1-9]|3[01]|[12][0-9]|0?[1-9])[-/.](?:1[0-2]|0?[1-9])[-/.][0-9]{2}[-/.][0-9]{4}")
(?:[12][0-9]|0?[1-9]|30|[12][0-9]|0?[1-9]|3[01]|[12][0-9]|0?[1-9])[-/.](?:1[0-2]|0?[1-9])[-/.][0-9]{2}[-/.][0-9]{4}
Rust
let re = Regex::new(r"(?:[12][0-9]|0?[1-9]|30|[12][0-9]|0?[1-9]|3[01]|[12][0-9]|0?[1-9])[-\/.](?:1[0-2]|0?[1-9])[-\/.][0-9]{2}[-\/.][0-9]{4}").unwrap();
(?:[12][0-9]|0?[1-9]|30|[12][0-9]|0?[1-9]|3[01]|[12][0-9]|0?[1-9])[-\/.](?:1[0-2]|0?[1-9])[-\/.][0-9]{2}[-\/.][0-9]{4}
C#
var re = new Regex(@"(?:[12][0-9]|0?[1-9]|30|[12][0-9]|0?[1-9]|3[01]|[12][0-9]|0?[1-9])[-\/.](?:1[0-2]|0?[1-9])[-\/.][0-9]{2}[-\/.][0-9]{4}");
(?:[12][0-9]|0?[1-9]|30|[12][0-9]|0?[1-9]|3[01]|[12][0-9]|0?[1-9])[-\/.](?:1[0-2]|0?[1-9])[-\/.][0-9]{2}[-\/.][0-9]{4}
Scala
val re = "(?:[12][0-9]|0?[1-9]|30|[12][0-9]|0?[1-9]|3[01]|[12][0-9]|0?[1-9])[-/.](?:1[0-2]|0?[1-9])[-/.][0-9]{2}[-/.][0-9]{4}".r
(?:[12][0-9]|0?[1-9]|30|[12][0-9]|0?[1-9]|3[01]|[12][0-9]|0?[1-9])[-/.](?:1[0-2]|0?[1-9])[-/.][0-9]{2}[-/.][0-9]{4}
Kotlin
val regex = Regex("(?:[12][0-9]|0?[1-9]|30|[12][0-9]|0?[1-9]|3[01]|[12][0-9]|0?[1-9])[-/.](?:1[0-2]|0?[1-9])[-/.][0-9]{2}[-/.][0-9]{4}")
(?:[12][0-9]|0?[1-9]|30|[12][0-9]|0?[1-9]|3[01]|[12][0-9]|0?[1-9])[-/.](?:1[0-2]|0?[1-9])[-/.][0-9]{2}[-/.][0-9]{4}