Java
Pattern regex = Pattern.compile("(?:1[0-2]|0?[1-9])[:.](?:2[0-3]|[01]?[0-9])[:.](?:[0-5]?[0-9])[:.](?:[0-5]?[0-9])[:.](?:AM|PM)");
(?:1[0-2]|0?[1-9])[:.](?:2[0-3]|[01]?[0-9])[:.](?:[0-5]?[0-9])[:.](?:[0-5]?[0-9])[:.](?:AM|PM)
Perl
my $regex = /(?:1[0-2]|0?[1-9])[:.](?:2[0-3]|[01]?[0-9])[:.](?:[0-5]?[0-9])[:.](?:[0-5]?[0-9])[:.](?:AM|PM)/;
(?:1[0-2]|0?[1-9])[:.](?:2[0-3]|[01]?[0-9])[:.](?:[0-5]?[0-9])[:.](?:[0-5]?[0-9])[:.](?:AM|PM)
POSIX
(?:1[0-2]|0?[1-9])[:.](?:2[0-3]|[01]?[0-9])[:.](?:[0-5]?[0-9])[:.](?:[0-5]?[0-9])[:.](?:AM|PM)
(?:1[0-2]|0?[1-9])[:.](?:2[0-3]|[01]?[0-9])[:.](?:[0-5]?[0-9])[:.](?:[0-5]?[0-9])[:.](?:AM|PM)
Python
regex = re.compile(r'(?:1[0-2]|0?[1-9])[:.](?:2[0-3]|[01]?[0-9])[:.](?:[0-5]?[0-9])[:.](?:[0-5]?[0-9])[:.](?:AM|PM)')
(?:1[0-2]|0?[1-9])[:.](?:2[0-3]|[01]?[0-9])[:.](?:[0-5]?[0-9])[:.](?:[0-5]?[0-9])[:.](?:AM|PM)
JavaScript
const regex = /(?:1[0-2]|0?[1-9])[:.](?:2[0-3]|[01]?[0-9])[:.](?:[0-5]?[0-9])[:.](?:[0-5]?[0-9])[:.](?:AM|PM)/;
(?:1[0-2]|0?[1-9])[:.](?:2[0-3]|[01]?[0-9])[:.](?:[0-5]?[0-9])[:.](?:[0-5]?[0-9])[:.](?:AM|PM)
PHP
$regex = '/(?:1[0-2]|0?[1-9])[:.](?:2[0-3]|[01]?[0-9])[:.](?:[0-5]?[0-9])[:.](?:[0-5]?[0-9])[:.](?:AM|PM)/';
(?:1[0-2]|0?[1-9])[:.](?:2[0-3]|[01]?[0-9])[:.](?:[0-5]?[0-9])[:.](?:[0-5]?[0-9])[:.](?:AM|PM)
Golang
regex, _ := regexp.Compile("(?:1[0-2]|0?[1-9])[:.](?:2[0-3]|[01]?[0-9])[:.](?:[0-5]?[0-9])[:.](?:[0-5]?[0-9])[:.](?:AM|PM)")
(?:1[0-2]|0?[1-9])[:.](?:2[0-3]|[01]?[0-9])[:.](?:[0-5]?[0-9])[:.](?:[0-5]?[0-9])[:.](?:AM|PM)
Rust
let re = Regex::new(r"(?:1[0-2]|0?[1-9])[:.](?:2[0-3]|[01]?[0-9])[:.](?:[0-5]?[0-9])[:.](?:[0-5]?[0-9])[:.](?:AM|PM)").unwrap();
(?:1[0-2]|0?[1-9])[:.](?:2[0-3]|[01]?[0-9])[:.](?:[0-5]?[0-9])[:.](?:[0-5]?[0-9])[:.](?:AM|PM)
C#
var re = new Regex(@"(?:1[0-2]|0?[1-9])[:.](?:2[0-3]|[01]?[0-9])[:.](?:[0-5]?[0-9])[:.](?:[0-5]?[0-9])[:.](?:AM|PM)");
(?:1[0-2]|0?[1-9])[:.](?:2[0-3]|[01]?[0-9])[:.](?:[0-5]?[0-9])[:.](?:[0-5]?[0-9])[:.](?:AM|PM)
Scala
val re = "(?:1[0-2]|0?[1-9])[:.](?:2[0-3]|[01]?[0-9])[:.](?:[0-5]?[0-9])[:.](?:[0-5]?[0-9])[:.](?:AM|PM)".r
(?:1[0-2]|0?[1-9])[:.](?:2[0-3]|[01]?[0-9])[:.](?:[0-5]?[0-9])[:.](?:[0-5]?[0-9])[:.](?:AM|PM)
Kotlin
val regex = Regex("(?:1[0-2]|0?[1-9])[:.](?:2[0-3]|[01]?[0-9])[:.](?:[0-5]?[0-9])[:.](?:[0-5]?[0-9])[:.](?:AM|PM)")
(?:1[0-2]|0?[1-9])[:.](?:2[0-3]|[01]?[0-9])[:.](?:[0-5]?[0-9])[:.](?:[0-5]?[0-9])[:.](?:AM|PM)