Java
Pattern regex = Pattern.compile("(?=.*\\d)(?=.*[!\"#$%&'()*+,-.:;<=>?@\\[\\]^_`{|}~]).{4,9}");
(?=.*\\d)(?=.*[!\"#$%&'()*+,-.:;<=>?@\\[\\]^_`{|}~]).{4,9}
Perl
my $regex = /(?=.*\d)(?=.*[!"#$%&'()*+,-.:;<=>?@\[\]^_`{|}~]).{4,9}/;
(?=.*\d)(?=.*[!"#$%&'()*+,-.:;<=>?@\[\]^_`{|}~]).{4,9}
POSIX
(?=.*\d)(?=.*[!"#$%&'()*+,-.:;<=>?@\[\]^_`{|}~]).{4,9}
(?=.*\d)(?=.*[!"#$%&'()*+,-.:;<=>?@\[\]^_`{|}~]).{4,9}
Python
regex = re.compile(r'(?=.*\d)(?=.*[!"#$%&\'()*+,-.:;<=>?@\[\]^_`{|}~]).{4,9}')
(?=.*\d)(?=.*[!"#$%&\'()*+,-.:;<=>?@\[\]^_`{|}~]).{4,9}
JavaScript
const regex = /(?=.*\d)(?=.*[!"#$%&'()*+,-.:;<=>?@\[\]^_`{|}~]).{4,9}/;
(?=.*\d)(?=.*[!"#$%&'()*+,-.:;<=>?@\[\]^_`{|}~]).{4,9}
PHP
$regex = '/(?=.*\d)(?=.*[!"#$%&'()*+,-.:;<=>?@\[\]^_`{|}~]).{4,9}/';
(?=.*\d)(?=.*[!"#$%&'()*+,-.:;<=>?@\[\]^_`{|}~]).{4,9}
Golang
regex, _ := regexp.Compile("(?=.*\\d)(?=.*[!\"#$%&'()*+,-.:;<=>?@\\[\\]^_`{|}~]).{4,9}")
(?=.*\\d)(?=.*[!\"#$%&'()*+,-.:;<=>?@\\[\\]^_`{|}~]).{4,9}
Rust
let re = Regex::new(r"(?=.*\d)(?=.*[!"#$%&'()*+,-.:;<=>?@\[\]^_`{|}~]).{4,9}").unwrap();
(?=.*\d)(?=.*[!"#$%&'()*+,-.:;<=>?@\[\]^_`{|}~]).{4,9}
C#
var re = new Regex(@"(?=.*\d)(?=.*[!"#$%&'()*+,-.:;<=>?@\[\]^_`{|}~]).{4,9}");
(?=.*\d)(?=.*[!"#$%&'()*+,-.:;<=>?@\[\]^_`{|}~]).{4,9}
Scala
val re = "(?=.*\\d)(?=.*[!\"#$%&'()*+,-.:;<=>?@\\[\\]^_`{|}~]).{4,9}".r
(?=.*\\d)(?=.*[!\"#$%&'()*+,-.:;<=>?@\\[\\]^_`{|}~]).{4,9}
Kotlin
val regex = Regex("(?=.*\\d)(?=.*[!\"#$%&'()*+,-.:;<=>?@\\[\\]^_`{|}~]).{4,9}")
(?=.*\\d)(?=.*[!\"#$%&'()*+,-.:;<=>?@\\[\\]^_`{|}~]).{4,9}