Java
Pattern regex = Pattern.compile("[\\p{Lu}\\p{Zl}\\p{Zp}\\p{Pd}\\p{Ps}\\p{Pe}]{6}");
[\\p{Lu}\\p{Zl}\\p{Zp}\\p{Pd}\\p{Ps}\\p{Pe}]{6}
Perl
my $regex = /[\p{Lu}\p{Zl}\p{Zp}\p{Pd}\p{Ps}\p{Pe}]{6}/;
[\p{Lu}\p{Zl}\p{Zp}\p{Pd}\p{Ps}\p{Pe}]{6}
POSIX
[\p{Lu}\p{Zl}\p{Zp}\p{Pd}\p{Ps}\p{Pe}]{6}
[\p{Lu}\p{Zl}\p{Zp}\p{Pd}\p{Ps}\p{Pe}]{6}
Python
regex = re.compile(r'[\p{Lu}\p{Zl}\p{Zp}\p{Pd}\p{Ps}\p{Pe}]{6}')
[\p{Lu}\p{Zl}\p{Zp}\p{Pd}\p{Ps}\p{Pe}]{6}
JavaScript
const regex = /[\p{Lu}\p{Zl}\p{Zp}\p{Pd}\p{Ps}\p{Pe}]{6}/;
[\p{Lu}\p{Zl}\p{Zp}\p{Pd}\p{Ps}\p{Pe}]{6}
PHP
$regex = '/[\p{Lu}\p{Zl}\p{Zp}\p{Pd}\p{Ps}\p{Pe}]{6}/';
[\p{Lu}\p{Zl}\p{Zp}\p{Pd}\p{Ps}\p{Pe}]{6}
Golang
regex, _ := regexp.Compile("[\\p{Lu}\\p{Zl}\\p{Zp}\\p{Pd}\\p{Ps}\\p{Pe}]{6}")
[\\p{Lu}\\p{Zl}\\p{Zp}\\p{Pd}\\p{Ps}\\p{Pe}]{6}
Rust
let re = Regex::new(r"[\p{Lu}\p{Zl}\p{Zp}\p{Pd}\p{Ps}\p{Pe}]{6}").unwrap();
[\p{Lu}\p{Zl}\p{Zp}\p{Pd}\p{Ps}\p{Pe}]{6}
C#
var re = new Regex(@"[\p{Lu}\p{Zl}\p{Zp}\p{Pd}\p{Ps}\p{Pe}]{6}");
[\p{Lu}\p{Zl}\p{Zp}\p{Pd}\p{Ps}\p{Pe}]{6}
Scala
val re = "[\\p{Lu}\\p{Zl}\\p{Zp}\\p{Pd}\\p{Ps}\\p{Pe}]{6}".r
[\\p{Lu}\\p{Zl}\\p{Zp}\\p{Pd}\\p{Ps}\\p{Pe}]{6}
Kotlin
val regex = Regex("[\\p{Lu}\\p{Zl}\\p{Zp}\\p{Pd}\\p{Ps}\\p{Pe}]{6}")
[\\p{Lu}\\p{Zl}\\p{Zp}\\p{Pd}\\p{Ps}\\p{Pe}]{6}