Java
Pattern regex = Pattern.compile("\\d{4}(?:0[1-9]|[12]\\d|3[01])(?:0[1-9]|1[012])\\d{2}");
\\d{4}(?:0[1-9]|[12]\\d|3[01])(?:0[1-9]|1[012])\\d{2}
Perl
my $regex = /\d{4}(?:0[1-9]|[12]\d|3[01])(?:0[1-9]|1[012])\d{2}/;
\d{4}(?:0[1-9]|[12]\d|3[01])(?:0[1-9]|1[012])\d{2}
POSIX
\d{4}(?:0[1-9]|[12]\d|3[01])(?:0[1-9]|1[012])\d{2}
\d{4}(?:0[1-9]|[12]\d|3[01])(?:0[1-9]|1[012])\d{2}
Python
regex = re.compile(r'\d{4}(?:0[1-9]|[12]\d|3[01])(?:0[1-9]|1[012])\d{2}')
\d{4}(?:0[1-9]|[12]\d|3[01])(?:0[1-9]|1[012])\d{2}
JavaScript
const regex = /\d{4}(?:0[1-9]|[12]\d|3[01])(?:0[1-9]|1[012])\d{2}/;
\d{4}(?:0[1-9]|[12]\d|3[01])(?:0[1-9]|1[012])\d{2}
PHP
$regex = '/\d{4}(?:0[1-9]|[12]\d|3[01])(?:0[1-9]|1[012])\d{2}/';
\d{4}(?:0[1-9]|[12]\d|3[01])(?:0[1-9]|1[012])\d{2}
Golang
regex, _ := regexp.Compile("\\d{4}(?:0[1-9]|[12]\\d|3[01])(?:0[1-9]|1[012])\\d{2}")
\\d{4}(?:0[1-9]|[12]\\d|3[01])(?:0[1-9]|1[012])\\d{2}
Rust
let re = Regex::new(r"\d{4}(?:0[1-9]|[12]\d|3[01])(?:0[1-9]|1[012])\d{2}").unwrap();
\d{4}(?:0[1-9]|[12]\d|3[01])(?:0[1-9]|1[012])\d{2}
C#
var re = new Regex(@"\d{4}(?:0[1-9]|[12]\d|3[01])(?:0[1-9]|1[012])\d{2}");
\d{4}(?:0[1-9]|[12]\d|3[01])(?:0[1-9]|1[012])\d{2}
Scala
val re = "\\d{4}(?:0[1-9]|[12]\\d|3[01])(?:0[1-9]|1[012])\\d{2}".r
\\d{4}(?:0[1-9]|[12]\\d|3[01])(?:0[1-9]|1[012])\\d{2}
Kotlin
val regex = Regex("\\d{4}(?:0[1-9]|[12]\\d|3[01])(?:0[1-9]|1[012])\\d{2}")
\\d{4}(?:0[1-9]|[12]\\d|3[01])(?:0[1-9]|1[012])\\d{2}