Java
Pattern regex = Pattern.compile("(?:0[1-9]|[12]\\d|3[01])(?:0[1-9]|1[012])\\d{2}[a+-]?\\d{3}[\\da-z]");
(?:0[1-9]|[12]\\d|3[01])(?:0[1-9]|1[012])\\d{2}[a+-]?\\d{3}[\\da-z]
Perl
my $regex = /(?:0[1-9]|[12]\d|3[01])(?:0[1-9]|1[012])\d{2}[a+-]?\d{3}[\da-z]/;
(?:0[1-9]|[12]\d|3[01])(?:0[1-9]|1[012])\d{2}[a+-]?\d{3}[\da-z]
POSIX
(?:0[1-9]|[12]\d|3[01])(?:0[1-9]|1[012])\d{2}[a+-]?\d{3}[\da-z]
(?:0[1-9]|[12]\d|3[01])(?:0[1-9]|1[012])\d{2}[a+-]?\d{3}[\da-z]
Python
regex = re.compile(r'(?:0[1-9]|[12]\d|3[01])(?:0[1-9]|1[012])\d{2}[a+-]?\d{3}[\da-z]')
(?:0[1-9]|[12]\d|3[01])(?:0[1-9]|1[012])\d{2}[a+-]?\d{3}[\da-z]
JavaScript
const regex = /(?:0[1-9]|[12]\d|3[01])(?:0[1-9]|1[012])\d{2}[a+-]?\d{3}[\da-z]/;
(?:0[1-9]|[12]\d|3[01])(?:0[1-9]|1[012])\d{2}[a+-]?\d{3}[\da-z]
PHP
$regex = '/(?:0[1-9]|[12]\d|3[01])(?:0[1-9]|1[012])\d{2}[a+-]?\d{3}[\da-z]/';
(?:0[1-9]|[12]\d|3[01])(?:0[1-9]|1[012])\d{2}[a+-]?\d{3}[\da-z]
Golang
regex, _ := regexp.Compile("(?:0[1-9]|[12]\\d|3[01])(?:0[1-9]|1[012])\\d{2}[a+-]?\\d{3}[\\da-z]")
(?:0[1-9]|[12]\\d|3[01])(?:0[1-9]|1[012])\\d{2}[a+-]?\\d{3}[\\da-z]
Rust
let re = Regex::new(r"(?:0[1-9]|[12]\d|3[01])(?:0[1-9]|1[012])\d{2}[a+-]?\d{3}[\da-z]").unwrap();
(?:0[1-9]|[12]\d|3[01])(?:0[1-9]|1[012])\d{2}[a+-]?\d{3}[\da-z]
C#
var re = new Regex(@"(?:0[1-9]|[12]\d|3[01])(?:0[1-9]|1[012])\d{2}[a+-]?\d{3}[\da-z]");
(?:0[1-9]|[12]\d|3[01])(?:0[1-9]|1[012])\d{2}[a+-]?\d{3}[\da-z]
Scala
val re = "(?:0[1-9]|[12]\\d|3[01])(?:0[1-9]|1[012])\\d{2}[a+-]?\\d{3}[\\da-z]".r
(?:0[1-9]|[12]\\d|3[01])(?:0[1-9]|1[012])\\d{2}[a+-]?\\d{3}[\\da-z]
Kotlin
val regex = Regex("(?:0[1-9]|[12]\\d|3[01])(?:0[1-9]|1[012])\\d{2}[a+-]?\\d{3}[\\da-z]")
(?:0[1-9]|[12]\\d|3[01])(?:0[1-9]|1[012])\\d{2}[a+-]?\\d{3}[\\da-z]