Java
Pattern regex = Pattern.compile("\\d{2}[0-1][0-9][0-3]\\d\\d{4}[0-1]\\d{2}");
\\d{2}[0-1][0-9][0-3]\\d\\d{4}[0-1]\\d{2}
Perl
my $regex = /\d{2}[0-1][0-9][0-3]\d\d{4}[0-1]\d{2}/;
\d{2}[0-1][0-9][0-3]\d\d{4}[0-1]\d{2}
POSIX
\d{2}[0-1][0-9][0-3]\d\d{4}[0-1]\d{2}
\d{2}[0-1][0-9][0-3]\d\d{4}[0-1]\d{2}
Python
regex = re.compile(r'\d{2}[0-1][0-9][0-3]\d\d{4}[0-1]\d{2}')
\d{2}[0-1][0-9][0-3]\d\d{4}[0-1]\d{2}
JavaScript
const regex = /\d{2}[0-1][0-9][0-3]\d\d{4}[0-1]\d{2}/;
\d{2}[0-1][0-9][0-3]\d\d{4}[0-1]\d{2}
PHP
$regex = '/\d{2}[0-1][0-9][0-3]\d\d{4}[0-1]\d{2}/';
\d{2}[0-1][0-9][0-3]\d\d{4}[0-1]\d{2}
Golang
regex, _ := regexp.Compile("\\d{2}[0-1][0-9][0-3]\\d\\d{4}[0-1]\\d{2}")
\\d{2}[0-1][0-9][0-3]\\d\\d{4}[0-1]\\d{2}
Rust
let re = Regex::new(r"\d{2}[0-1][0-9][0-3]\d\d{4}[0-1]\d{2}").unwrap();
\d{2}[0-1][0-9][0-3]\d\d{4}[0-1]\d{2}
C#
var re = new Regex(@"\d{2}[0-1][0-9][0-3]\d\d{4}[0-1]\d{2}");
\d{2}[0-1][0-9][0-3]\d\d{4}[0-1]\d{2}
Scala
val re = "\\d{2}[0-1][0-9][0-3]\\d\\d{4}[0-1]\\d{2}".r
\\d{2}[0-1][0-9][0-3]\\d\\d{4}[0-1]\\d{2}
Kotlin
val regex = Regex("\\d{2}[0-1][0-9][0-3]\\d\\d{4}[0-1]\\d{2}")
\\d{2}[0-1][0-9][0-3]\\d\\d{4}[0-1]\\d{2}