Java
Pattern regex = Pattern.compile("(?!000|666)[0-8]\\d{2}-(?!00)\\d{2}-(?!0000)\\d{4}");
(?!000|666)[0-8]\\d{2}-(?!00)\\d{2}-(?!0000)\\d{4}
Perl
my $regex = /(?!000|666)[0-8]\d{2}-(?!00)\d{2}-(?!0000)\d{4}/;
(?!000|666)[0-8]\d{2}-(?!00)\d{2}-(?!0000)\d{4}
POSIX
(?!000|666)[0-8]\d{2}-(?!00)\d{2}-(?!0000)\d{4}
(?!000|666)[0-8]\d{2}-(?!00)\d{2}-(?!0000)\d{4}
Python
regex = re.compile(r'(?!000|666)[0-8]\d{2}-(?!00)\d{2}-(?!0000)\d{4}')
(?!000|666)[0-8]\d{2}-(?!00)\d{2}-(?!0000)\d{4}
JavaScript
const regex = /(?!000|666)[0-8]\d{2}-(?!00)\d{2}-(?!0000)\d{4}/;
(?!000|666)[0-8]\d{2}-(?!00)\d{2}-(?!0000)\d{4}
PHP
$regex = '/(?!000|666)[0-8]\d{2}-(?!00)\d{2}-(?!0000)\d{4}/';
(?!000|666)[0-8]\d{2}-(?!00)\d{2}-(?!0000)\d{4}
Golang
regex, _ := regexp.Compile("(?!000|666)[0-8]\\d{2}-(?!00)\\d{2}-(?!0000)\\d{4}")
(?!000|666)[0-8]\\d{2}-(?!00)\\d{2}-(?!0000)\\d{4}
Rust
let re = Regex::new(r"(?!000|666)[0-8]\d{2}-(?!00)\d{2}-(?!0000)\d{4}").unwrap();
(?!000|666)[0-8]\d{2}-(?!00)\d{2}-(?!0000)\d{4}
C#
var re = new Regex(@"(?!000|666)[0-8]\d{2}-(?!00)\d{2}-(?!0000)\d{4}");
(?!000|666)[0-8]\d{2}-(?!00)\d{2}-(?!0000)\d{4}
Scala
val re = "(?!000|666)[0-8]\\d{2}-(?!00)\\d{2}-(?!0000)\\d{4}".r
(?!000|666)[0-8]\\d{2}-(?!00)\\d{2}-(?!0000)\\d{4}
Kotlin
val regex = Regex("(?!000|666)[0-8]\\d{2}-(?!00)\\d{2}-(?!0000)\\d{4}")
(?!000|666)[0-8]\\d{2}-(?!00)\\d{2}-(?!0000)\\d{4}