Java
Pattern regex = Pattern.compile("(?:(?>[ .-]*\\d){8}|(?>[ .-]*\\d){8}|(?>[ .-]*\\d){9}|(?>[ .-]*\\d){8}|(?:\\d[ .-]*[\\d*+A-Z](?>[ .-]*\\d){5}[ .-]*[A-Z]|(?>[ .-]*\\d){7}(?>[ .-]*[A-Z]){2})|(?>[ .-]*\\d){8,10}|(?>[ .-]*\\d){11}|(?>[ .-]*\\d){8}|(?>[ .-]*\\d){11}|(?>[ .-]*\\d){11}|(?>[ .-]*\\d){9}|(?>[ .-]*\\d){9,10}|0(?>[ .-]*\\d){9}|(?>[ .-]*\\d){8}[ .-]*[A-Z]|(?>[ .-]*\\d){12}|(?>[ .-]*\\d){8}|(?>[ .-]*\\d){2,10}|(?:(?>[ .-]*\\d){9}(?:(?>[ .-]*\\d){3})?|GD[0-4](?>[ .-]*\\d){2}|HA[5-9](?>[ .-]*\\d){2})|(?>[ .-]*\\d){10}|[ .-]*U(?>[ .-]*\\d){8}|(?>[ .-]*\\d){10}|(?>[ .-]*\\d){9}|(?>[ .-]*\\d){8}|(?>[ .-]*\\d){9}[ .-]*B(?>[ .-]*\\d){2}|(?:(?>[ .-]*\\d){9}|(?>[ .-]*\\d){12})|[\\dA-Z](?>[ .-]*\\d){7}[ .-]*[\\dA-Z]|(?>[ .-]*[\\dA-Z]){2}(?>[ .-]*\\d){9}|(?>[ .-]*\\d){9})");
(?:(?>[ .-]*\\d){8}|(?>[ .-]*\\d){8}|(?>[ .-]*\\d){9}|(?>[ .-]*\\d){8}|(?:\\d[ .-]*[\\d*+A-Z](?>[ .-]*\\d){5}[ .-]*[A-Z]|(?>[ .-]*\\d){7}(?>[ .-]*[A-Z]){2})|(?>[ .-]*\\d){8,10}|(?>[ .-]*\\d){11}|(?>[ .-]*\\d){8}|(?>[ .-]*\\d){11}|(?>[ .-]*\\d){11}|(?>[ .-]*\\d){9}|(?>[ .-]*\\d){9,10}|0(?>[ .-]*\\d){9}|(?>[ .-]*\\d){8}[ .-]*[A-Z]|(?>[ .-]*\\d){12}|(?>[ .-]*\\d){8}|(?>[ .-]*\\d){2,10}|(?:(?>[ .-]*\\d){9}(?:(?>[ .-]*\\d){3})?|GD[0-4](?>[ .-]*\\d){2}|HA[5-9](?>[ .-]*\\d){2})|(?>[ .-]*\\d){10}|[ .-]*U(?>[ .-]*\\d){8}|(?>[ .-]*\\d){10}|(?>[ .-]*\\d){9}|(?>[ .-]*\\d){8}|(?>[ .-]*\\d){9}[ .-]*B(?>[ .-]*\\d){2}|(?:(?>[ .-]*\\d){9}|(?>[ .-]*\\d){12})|[\\dA-Z](?>[ .-]*\\d){7}[ .-]*[\\dA-Z]|(?>[ .-]*[\\dA-Z]){2}(?>[ .-]*\\d){9}|(?>[ .-]*\\d){9})
Perl
my $regex = /(?:0(?>[ .-]*\d){9}|(?>[ .-]*\d){9}|(?>[ .-]*\d){9}|(?>[ .-]*\d){9}[ .-]*B(?>[ .-]*\\d){2}|(?>[ .-]*\d){8}|(?>[ .-]*\d){11}|(?:\d[ .-]*[\d*+A-Z](?>[ .-]*\d){5}[ .-]*[A-Z]|(?>[ .-]*\d){7}(?>[ .-]*[A-Z]){2})|(?>[ .-]*\d){9}|(?>[ .-]*\d){9,10}|(?>[ .-]*\d){8}|(?>[ .-]*\d){11}|(?>[ .-]*\d){8,10}|(?>[ .-]*\d){10}|(?>[ .-]*\d){11}|(?>[ .-]*\d){9}|(?>[ .-]*\d){12}|(?>[ .-]*\d){8}|(?>[ .-]*\d){8}[ .-]*[A-Z]|(?>[ .-]*\d){8}|[\dA-Z](?>[ .-]*\d){7}[ .-]*[\dA-Z]|(?>[ .-]*\d){2,10}|(?>[ .-]*[\dA-Z]){2}(?>[ .-]*\d){9}|(?>[ .-]*\d){8}|(?:(?>[ .-]*\d){9}(?:(?>[ .-]*\d){3})?|GD[0-4](?>[ .-]*\d){2}|HA[5-9](?>[ .-]*\d){2})|(?>[ .-]*\d){10}|[ .-]*U(?>[ .-]*\d){8}|(?>[ .-]*\d){8}|(?:(?>[ .-]*\d){9}|(?>[ .-]*\d){12}))/;
(?:0(?>[ .-]*\d){9}|(?>[ .-]*\d){9}|(?>[ .-]*\d){9}|(?>[ .-]*\d){9}[ .-]*B(?>[ .-]*\\d){2}|(?>[ .-]*\d){8}|(?>[ .-]*\d){11}|(?:\d[ .-]*[\d*+A-Z](?>[ .-]*\d){5}[ .-]*[A-Z]|(?>[ .-]*\d){7}(?>[ .-]*[A-Z]){2})|(?>[ .-]*\d){9}|(?>[ .-]*\d){9,10}|(?>[ .-]*\d){8}|(?>[ .-]*\d){11}|(?>[ .-]*\d){8,10}|(?>[ .-]*\d){10}|(?>[ .-]*\d){11}|(?>[ .-]*\d){9}|(?>[ .-]*\d){12}|(?>[ .-]*\d){8}|(?>[ .-]*\d){8}[ .-]*[A-Z]|(?>[ .-]*\d){8}|[\dA-Z](?>[ .-]*\d){7}[ .-]*[\dA-Z]|(?>[ .-]*\d){2,10}|(?>[ .-]*[\dA-Z]){2}(?>[ .-]*\d){9}|(?>[ .-]*\d){8}|(?:(?>[ .-]*\d){9}(?:(?>[ .-]*\d){3})?|GD[0-4](?>[ .-]*\d){2}|HA[5-9](?>[ .-]*\d){2})|(?>[ .-]*\d){10}|[ .-]*U(?>[ .-]*\d){8}|(?>[ .-]*\d){8}|(?:(?>[ .-]*\d){9}|(?>[ .-]*\d){12}))
POSIX
(?:(?>[ .-]*\d){8}|(?>[ .-]*\d){2,10}|(?>[ .-]*\d){10}|(?>[ .-]*\d){11}|[\dA-Z](?>[ .-]*\d){7}[ .-]*[\dA-Z]|(?>[ .-]*\d){9,10}|(?:(?>[ .-]*\d){9}|(?>[ .-]*\d){12})|(?>[ .-]*\d){12}|(?>[ .-]*\d){9}|(?>[ .-]*\d){9}|(?>[ .-]*\d){11}|(?>[ .-]*\d){10}|0(?>[ .-]*\d){9}|(?>[ .-]*\d){8}|(?>[ .-]*\d){8}|[ .-]*U(?>[ .-]*\d){8}|(?>[ .-]*\d){8}|(?:(?>[ .-]*\d){9}(?:(?>[ .-]*\d){3})?|GD[0-4](?>[ .-]*\d){2}|HA[5-9](?>[ .-]*\d){2})|(?>[ .-]*\d){9}|(?>[ .-]*\d){11}|(?>[ .-]*[\dA-Z]){2}(?>[ .-]*\d){9}|(?>[ .-]*\d){9}[ .-]*B(?>[ .-]*\\d){2}|(?>[ .-]*\d){8}[ .-]*[A-Z]|(?>[ .-]*\d){8,10}|(?>[ .-]*\d){8}|(?>[ .-]*\d){9}|(?>[ .-]*\d){8}|(?:\d[ .-]*[\d*+A-Z](?>[ .-]*\d){5}[ .-]*[A-Z]|(?>[ .-]*\d){7}(?>[ .-]*[A-Z]){2}))
(?:(?>[ .-]*\d){8}|(?>[ .-]*\d){2,10}|(?>[ .-]*\d){10}|(?>[ .-]*\d){11}|[\dA-Z](?>[ .-]*\d){7}[ .-]*[\dA-Z]|(?>[ .-]*\d){9,10}|(?:(?>[ .-]*\d){9}|(?>[ .-]*\d){12})|(?>[ .-]*\d){12}|(?>[ .-]*\d){9}|(?>[ .-]*\d){9}|(?>[ .-]*\d){11}|(?>[ .-]*\d){10}|0(?>[ .-]*\d){9}|(?>[ .-]*\d){8}|(?>[ .-]*\d){8}|[ .-]*U(?>[ .-]*\d){8}|(?>[ .-]*\d){8}|(?:(?>[ .-]*\d){9}(?:(?>[ .-]*\d){3})?|GD[0-4](?>[ .-]*\d){2}|HA[5-9](?>[ .-]*\d){2})|(?>[ .-]*\d){9}|(?>[ .-]*\d){11}|(?>[ .-]*[\dA-Z]){2}(?>[ .-]*\d){9}|(?>[ .-]*\d){9}[ .-]*B(?>[ .-]*\\d){2}|(?>[ .-]*\d){8}[ .-]*[A-Z]|(?>[ .-]*\d){8,10}|(?>[ .-]*\d){8}|(?>[ .-]*\d){9}|(?>[ .-]*\d){8}|(?:\d[ .-]*[\d*+A-Z](?>[ .-]*\d){5}[ .-]*[A-Z]|(?>[ .-]*\d){7}(?>[ .-]*[A-Z]){2}))
Python
regex = re.compile(r'(?:0(?>[ .-]*\d){9}|(?>[ .-]*\d){8}|(?>[ .-]*\d){9}|(?>[ .-]*\d){9}[ .-]*B(?>[ .-]*\\d){2}|(?>[ .-]*\d){11}|(?>[ .-]*\d){8}|(?>[ .-]*\d){8}|(?>[ .-]*\d){11}|(?>[ .-]*\d){11}|(?>[ .-]*\d){8}|(?>[ .-]*\d){12}|(?>[ .-]*\d){9}|(?>[ .-]*\d){8}[ .-]*[A-Z]|[\dA-Z](?>[ .-]*\d){7}[ .-]*[\dA-Z]|(?>[ .-]*\d){9,10}|(?>[ .-]*\d){2,10}|(?>[ .-]*\d){8}|(?>[ .-]*\d){10}|(?:\d[ .-]*[\d*+A-Z](?>[ .-]*\d){5}[ .-]*[A-Z]|(?>[ .-]*\d){7}(?>[ .-]*[A-Z]){2})|(?>[ .-]*\d){10}|(?:(?>[ .-]*\d){9}(?:(?>[ .-]*\d){3})?|GD[0-4](?>[ .-]*\d){2}|HA[5-9](?>[ .-]*\d){2})|(?>[ .-]*\d){9}|(?>[ .-]*\d){8}|(?>[ .-]*[\dA-Z]){2}(?>[ .-]*\d){9}|(?:(?>[ .-]*\d){9}|(?>[ .-]*\d){12})|(?>[ .-]*\d){8,10}|[ .-]*U(?>[ .-]*\d){8}|(?>[ .-]*\d){9})')
(?:0(?>[ .-]*\d){9}|(?>[ .-]*\d){8}|(?>[ .-]*\d){9}|(?>[ .-]*\d){9}[ .-]*B(?>[ .-]*\\d){2}|(?>[ .-]*\d){11}|(?>[ .-]*\d){8}|(?>[ .-]*\d){8}|(?>[ .-]*\d){11}|(?>[ .-]*\d){11}|(?>[ .-]*\d){8}|(?>[ .-]*\d){12}|(?>[ .-]*\d){9}|(?>[ .-]*\d){8}[ .-]*[A-Z]|[\dA-Z](?>[ .-]*\d){7}[ .-]*[\dA-Z]|(?>[ .-]*\d){9,10}|(?>[ .-]*\d){2,10}|(?>[ .-]*\d){8}|(?>[ .-]*\d){10}|(?:\d[ .-]*[\d*+A-Z](?>[ .-]*\d){5}[ .-]*[A-Z]|(?>[ .-]*\d){7}(?>[ .-]*[A-Z]){2})|(?>[ .-]*\d){10}|(?:(?>[ .-]*\d){9}(?:(?>[ .-]*\d){3})?|GD[0-4](?>[ .-]*\d){2}|HA[5-9](?>[ .-]*\d){2})|(?>[ .-]*\d){9}|(?>[ .-]*\d){8}|(?>[ .-]*[\dA-Z]){2}(?>[ .-]*\d){9}|(?:(?>[ .-]*\d){9}|(?>[ .-]*\d){12})|(?>[ .-]*\d){8,10}|[ .-]*U(?>[ .-]*\d){8}|(?>[ .-]*\d){9})
JavaScript
const regex = /(?:0(?>[ .-]*\d){9}|(?>[ .-]*\d){9}|(?>[ .-]*\d){8}|(?>[ .-]*\d){8}|(?>[ .-]*\d){11}|(?:(?>[ .-]*\d){9}|(?>[ .-]*\d){12})|(?>[ .-]*\d){10}|(?>[ .-]*\d){12}|(?>[ .-]*\d){9}|(?>[ .-]*\d){8}|(?>[ .-]*\d){8}[ .-]*[A-Z]|(?>[ .-]*\d){8,10}|(?>[ .-]*\d){11}|(?>[ .-]*\d){9,10}|[\dA-Z](?>[ .-]*\d){7}[ .-]*[\dA-Z]|(?>[ .-]*\d){11}|(?>[ .-]*\d){9}|[ .-]*U(?>[ .-]*\d){8}|(?>[ .-]*\d){9}[ .-]*B(?>[ .-]*\\d){2}|(?>[ .-]*[\dA-Z]){2}(?>[ .-]*\d){9}|(?>[ .-]*\d){2,10}|(?:(?>[ .-]*\d){9}(?:(?>[ .-]*\d){3})?|GD[0-4](?>[ .-]*\d){2}|HA[5-9](?>[ .-]*\d){2})|(?>[ .-]*\d){8}|(?:\d[ .-]*[\d*+A-Z](?>[ .-]*\d){5}[ .-]*[A-Z]|(?>[ .-]*\d){7}(?>[ .-]*[A-Z]){2})|(?>[ .-]*\d){8}|(?>[ .-]*\d){8}|(?>[ .-]*\d){10}|(?>[ .-]*\d){9})/;
(?:0(?>[ .-]*\d){9}|(?>[ .-]*\d){9}|(?>[ .-]*\d){8}|(?>[ .-]*\d){8}|(?>[ .-]*\d){11}|(?:(?>[ .-]*\d){9}|(?>[ .-]*\d){12})|(?>[ .-]*\d){10}|(?>[ .-]*\d){12}|(?>[ .-]*\d){9}|(?>[ .-]*\d){8}|(?>[ .-]*\d){8}[ .-]*[A-Z]|(?>[ .-]*\d){8,10}|(?>[ .-]*\d){11}|(?>[ .-]*\d){9,10}|[\dA-Z](?>[ .-]*\d){7}[ .-]*[\dA-Z]|(?>[ .-]*\d){11}|(?>[ .-]*\d){9}|[ .-]*U(?>[ .-]*\d){8}|(?>[ .-]*\d){9}[ .-]*B(?>[ .-]*\\d){2}|(?>[ .-]*[\dA-Z]){2}(?>[ .-]*\d){9}|(?>[ .-]*\d){2,10}|(?:(?>[ .-]*\d){9}(?:(?>[ .-]*\d){3})?|GD[0-4](?>[ .-]*\d){2}|HA[5-9](?>[ .-]*\d){2})|(?>[ .-]*\d){8}|(?:\d[ .-]*[\d*+A-Z](?>[ .-]*\d){5}[ .-]*[A-Z]|(?>[ .-]*\d){7}(?>[ .-]*[A-Z]){2})|(?>[ .-]*\d){8}|(?>[ .-]*\d){8}|(?>[ .-]*\d){10}|(?>[ .-]*\d){9})
PHP
$regex = '/(?:(?:(?>[ .-]*\d){9}(?:(?>[ .-]*\d){3})?|GD[0-4](?>[ .-]*\d){2}|HA[5-9](?>[ .-]*\d){2})|[\dA-Z](?>[ .-]*\d){7}[ .-]*[\dA-Z]|(?:(?>[ .-]*\d){9}|(?>[ .-]*\d){12})|(?>[ .-]*\d){8}|(?>[ .-]*\d){11}|(?:\d[ .-]*[\d*+A-Z](?>[ .-]*\d){5}[ .-]*[A-Z]|(?>[ .-]*\d){7}(?>[ .-]*[A-Z]){2})|(?>[ .-]*\d){8}|(?>[ .-]*\d){9}|(?>[ .-]*\d){10}|(?>[ .-]*\d){2,10}|(?>[ .-]*\d){8}|(?>[ .-]*\d){8}|(?>[ .-]*\d){9}|(?>[ .-]*\d){9}|(?>[ .-]*\d){9}[ .-]*B(?>[ .-]*\\d){2}|(?>[ .-]*\d){8}|(?>[ .-]*\d){8}|(?>[ .-]*\d){12}|[ .-]*U(?>[ .-]*\d){8}|(?>[ .-]*\d){8}[ .-]*[A-Z]|(?>[ .-]*\d){8,10}|(?>[ .-]*\d){10}|(?>[ .-]*\d){9,10}|(?>[ .-]*\d){9}|(?>[ .-]*\d){11}|(?>[ .-]*\d){11}|0(?>[ .-]*\d){9}|(?>[ .-]*[\dA-Z]){2}(?>[ .-]*\d){9})/';
(?:(?:(?>[ .-]*\d){9}(?:(?>[ .-]*\d){3})?|GD[0-4](?>[ .-]*\d){2}|HA[5-9](?>[ .-]*\d){2})|[\dA-Z](?>[ .-]*\d){7}[ .-]*[\dA-Z]|(?:(?>[ .-]*\d){9}|(?>[ .-]*\d){12})|(?>[ .-]*\d){8}|(?>[ .-]*\d){11}|(?:\d[ .-]*[\d*+A-Z](?>[ .-]*\d){5}[ .-]*[A-Z]|(?>[ .-]*\d){7}(?>[ .-]*[A-Z]){2})|(?>[ .-]*\d){8}|(?>[ .-]*\d){9}|(?>[ .-]*\d){10}|(?>[ .-]*\d){2,10}|(?>[ .-]*\d){8}|(?>[ .-]*\d){8}|(?>[ .-]*\d){9}|(?>[ .-]*\d){9}|(?>[ .-]*\d){9}[ .-]*B(?>[ .-]*\\d){2}|(?>[ .-]*\d){8}|(?>[ .-]*\d){8}|(?>[ .-]*\d){12}|[ .-]*U(?>[ .-]*\d){8}|(?>[ .-]*\d){8}[ .-]*[A-Z]|(?>[ .-]*\d){8,10}|(?>[ .-]*\d){10}|(?>[ .-]*\d){9,10}|(?>[ .-]*\d){9}|(?>[ .-]*\d){11}|(?>[ .-]*\d){11}|0(?>[ .-]*\d){9}|(?>[ .-]*[\dA-Z]){2}(?>[ .-]*\d){9})
Golang
regex, _ := regexp.Compile("(?:(?>[ .-]*\\d){11}|(?>[ .-]*\\d){8,10}|(?>[ .-]*[\\dA-Z]){2}(?>[ .-]*\\d){9}|[\\dA-Z](?>[ .-]*\\d){7}[ .-]*[\\dA-Z]|[ .-]*U(?>[ .-]*\\d){8}|(?>[ .-]*\\d){11}|(?>[ .-]*\\d){8}|(?>[ .-]*\\d){12}|(?>[ .-]*\\d){10}|(?>[ .-]*\\d){8}|(?>[ .-]*\\d){2,10}|(?>[ .-]*\\d){9}|(?>[ .-]*\\d){9}|(?:\\d[ .-]*[\\d*+A-Z](?>[ .-]*\\d){5}[ .-]*[A-Z]|(?>[ .-]*\\d){7}(?>[ .-]*[A-Z]){2})|(?>[ .-]*\\d){10}|(?>[ .-]*\\d){8}|(?>[ .-]*\\d){9}[ .-]*B(?>[ .-]*\\d){2}|0(?>[ .-]*\\d){9}|(?>[ .-]*\\d){8}|(?:(?>[ .-]*\\d){9}|(?>[ .-]*\\d){12})|(?>[ .-]*\\d){9}|(?>[ .-]*\\d){11}|(?:(?>[ .-]*\\d){9}(?:(?>[ .-]*\\d){3})?|GD[0-4](?>[ .-]*\\d){2}|HA[5-9](?>[ .-]*\\d){2})|(?>[ .-]*\\d){9,10}|(?>[ .-]*\\d){8}|(?>[ .-]*\\d){9}|(?>[ .-]*\\d){8}|(?>[ .-]*\\d){8}[ .-]*[A-Z])")
(?:(?>[ .-]*\\d){11}|(?>[ .-]*\\d){8,10}|(?>[ .-]*[\\dA-Z]){2}(?>[ .-]*\\d){9}|[\\dA-Z](?>[ .-]*\\d){7}[ .-]*[\\dA-Z]|[ .-]*U(?>[ .-]*\\d){8}|(?>[ .-]*\\d){11}|(?>[ .-]*\\d){8}|(?>[ .-]*\\d){12}|(?>[ .-]*\\d){10}|(?>[ .-]*\\d){8}|(?>[ .-]*\\d){2,10}|(?>[ .-]*\\d){9}|(?>[ .-]*\\d){9}|(?:\\d[ .-]*[\\d*+A-Z](?>[ .-]*\\d){5}[ .-]*[A-Z]|(?>[ .-]*\\d){7}(?>[ .-]*[A-Z]){2})|(?>[ .-]*\\d){10}|(?>[ .-]*\\d){8}|(?>[ .-]*\\d){9}[ .-]*B(?>[ .-]*\\d){2}|0(?>[ .-]*\\d){9}|(?>[ .-]*\\d){8}|(?:(?>[ .-]*\\d){9}|(?>[ .-]*\\d){12})|(?>[ .-]*\\d){9}|(?>[ .-]*\\d){11}|(?:(?>[ .-]*\\d){9}(?:(?>[ .-]*\\d){3})?|GD[0-4](?>[ .-]*\\d){2}|HA[5-9](?>[ .-]*\\d){2})|(?>[ .-]*\\d){9,10}|(?>[ .-]*\\d){8}|(?>[ .-]*\\d){9}|(?>[ .-]*\\d){8}|(?>[ .-]*\\d){8}[ .-]*[A-Z])
Rust
let re = Regex::new(r"(?:(?>[ .-]*\d){8}|(?>[ .-]*\d){8}|(?>[ .-]*\d){8}|(?:(?>[ .-]*\d){9}|(?>[ .-]*\d){12})|(?>[ .-]*[\dA-Z]){2}(?>[ .-]*\d){9}|[\dA-Z](?>[ .-]*\d){7}[ .-]*[\dA-Z]|(?>[ .-]*\d){8}|(?>[ .-]*\d){12}|(?:\d[ .-]*[\d*+A-Z](?>[ .-]*\d){5}[ .-]*[A-Z]|(?>[ .-]*\d){7}(?>[ .-]*[A-Z]){2})|(?>[ .-]*\d){9}|(?>[ .-]*\d){9}[ .-]*B(?>[ .-]*\\d){2}|(?>[ .-]*\d){11}|(?>[ .-]*\d){11}|(?>[ .-]*\d){9}|(?>[ .-]*\d){10}|(?:(?>[ .-]*\d){9}(?:(?>[ .-]*\d){3})?|GD[0-4](?>[ .-]*\d){2}|HA[5-9](?>[ .-]*\d){2})|(?>[ .-]*\d){9}|(?>[ .-]*\d){11}|(?>[ .-]*\d){8}|(?>[ .-]*\d){8}[ .-]*[A-Z]|(?>[ .-]*\d){9,10}|(?>[ .-]*\d){8,10}|[ .-]*U(?>[ .-]*\d){8}|(?>[ .-]*\d){2,10}|0(?>[ .-]*\d){9}|(?>[ .-]*\d){9}|(?>[ .-]*\d){10}|(?>[ .-]*\d){8})").unwrap();
(?:(?>[ .-]*\d){8}|(?>[ .-]*\d){8}|(?>[ .-]*\d){8}|(?:(?>[ .-]*\d){9}|(?>[ .-]*\d){12})|(?>[ .-]*[\dA-Z]){2}(?>[ .-]*\d){9}|[\dA-Z](?>[ .-]*\d){7}[ .-]*[\dA-Z]|(?>[ .-]*\d){8}|(?>[ .-]*\d){12}|(?:\d[ .-]*[\d*+A-Z](?>[ .-]*\d){5}[ .-]*[A-Z]|(?>[ .-]*\d){7}(?>[ .-]*[A-Z]){2})|(?>[ .-]*\d){9}|(?>[ .-]*\d){9}[ .-]*B(?>[ .-]*\\d){2}|(?>[ .-]*\d){11}|(?>[ .-]*\d){11}|(?>[ .-]*\d){9}|(?>[ .-]*\d){10}|(?:(?>[ .-]*\d){9}(?:(?>[ .-]*\d){3})?|GD[0-4](?>[ .-]*\d){2}|HA[5-9](?>[ .-]*\d){2})|(?>[ .-]*\d){9}|(?>[ .-]*\d){11}|(?>[ .-]*\d){8}|(?>[ .-]*\d){8}[ .-]*[A-Z]|(?>[ .-]*\d){9,10}|(?>[ .-]*\d){8,10}|[ .-]*U(?>[ .-]*\d){8}|(?>[ .-]*\d){2,10}|0(?>[ .-]*\d){9}|(?>[ .-]*\d){9}|(?>[ .-]*\d){10}|(?>[ .-]*\d){8})
C#
var re = new Regex(@"(?:0(?>[ .-]*\d){9}|(?>[ .-]*\d){8}|(?>[ .-]*\d){9}|[ .-]*U(?>[ .-]*\d){8}|(?:(?>[ .-]*\d){9}(?:(?>[ .-]*\d){3})?|GD[0-4](?>[ .-]*\d){2}|HA[5-9](?>[ .-]*\d){2})|(?>[ .-]*\d){8}|(?>[ .-]*\d){8,10}|(?>[ .-]*\d){8}|(?>[ .-]*\d){2,10}|(?>[ .-]*\d){10}|[\dA-Z](?>[ .-]*\d){7}[ .-]*[\dA-Z]|(?>[ .-]*\d){8}[ .-]*[A-Z]|(?>[ .-]*\d){12}|(?>[ .-]*\d){11}|(?>[ .-]*\d){9}|(?>[ .-]*\d){11}|(?:(?>[ .-]*\d){9}|(?>[ .-]*\d){12})|(?>[ .-]*[\dA-Z]){2}(?>[ .-]*\d){9}|(?>[ .-]*\d){8}|(?>[ .-]*\d){8}|(?>[ .-]*\d){8}|(?>[ .-]*\d){9}[ .-]*B(?>[ .-]*\\d){2}|(?>[ .-]*\d){9,10}|(?>[ .-]*\d){11}|(?:\d[ .-]*[\d*+A-Z](?>[ .-]*\d){5}[ .-]*[A-Z]|(?>[ .-]*\d){7}(?>[ .-]*[A-Z]){2})|(?>[ .-]*\d){9}|(?>[ .-]*\d){9}|(?>[ .-]*\d){10})");
(?:0(?>[ .-]*\d){9}|(?>[ .-]*\d){8}|(?>[ .-]*\d){9}|[ .-]*U(?>[ .-]*\d){8}|(?:(?>[ .-]*\d){9}(?:(?>[ .-]*\d){3})?|GD[0-4](?>[ .-]*\d){2}|HA[5-9](?>[ .-]*\d){2})|(?>[ .-]*\d){8}|(?>[ .-]*\d){8,10}|(?>[ .-]*\d){8}|(?>[ .-]*\d){2,10}|(?>[ .-]*\d){10}|[\dA-Z](?>[ .-]*\d){7}[ .-]*[\dA-Z]|(?>[ .-]*\d){8}[ .-]*[A-Z]|(?>[ .-]*\d){12}|(?>[ .-]*\d){11}|(?>[ .-]*\d){9}|(?>[ .-]*\d){11}|(?:(?>[ .-]*\d){9}|(?>[ .-]*\d){12})|(?>[ .-]*[\dA-Z]){2}(?>[ .-]*\d){9}|(?>[ .-]*\d){8}|(?>[ .-]*\d){8}|(?>[ .-]*\d){8}|(?>[ .-]*\d){9}[ .-]*B(?>[ .-]*\\d){2}|(?>[ .-]*\d){9,10}|(?>[ .-]*\d){11}|(?:\d[ .-]*[\d*+A-Z](?>[ .-]*\d){5}[ .-]*[A-Z]|(?>[ .-]*\d){7}(?>[ .-]*[A-Z]){2})|(?>[ .-]*\d){9}|(?>[ .-]*\d){9}|(?>[ .-]*\d){10})
Scala
val re = "(?:(?>[ .-]*\\d){11}|(?>[ .-]*\\d){8}|[\\dA-Z](?>[ .-]*\\d){7}[ .-]*[\\dA-Z]|(?>[ .-]*\\d){9,10}|[ .-]*U(?>[ .-]*\\d){8}|(?>[ .-]*\\d){8}|(?>[ .-]*\\d){10}|(?>[ .-]*\\d){8}|(?:\\d[ .-]*[\\d*+A-Z](?>[ .-]*\\d){5}[ .-]*[A-Z]|(?>[ .-]*\\d){7}(?>[ .-]*[A-Z]){2})|(?>[ .-]*\\d){9}|(?>[ .-]*\\d){9}|(?>[ .-]*\\d){11}|(?>[ .-]*\\d){11}|(?>[ .-]*\\d){9}|(?>[ .-]*\\d){8}|(?>[ .-]*\\d){8,10}|(?>[ .-]*\\d){9}[ .-]*B(?>[ .-]*\\d){2}|0(?>[ .-]*\\d){9}|(?>[ .-]*\\d){10}|(?:(?>[ .-]*\\d){9}|(?>[ .-]*\\d){12})|(?>[ .-]*\\d){12}|(?:(?>[ .-]*\\d){9}(?:(?>[ .-]*\\d){3})?|GD[0-4](?>[ .-]*\\d){2}|HA[5-9](?>[ .-]*\\d){2})|(?>[ .-]*\\d){9}|(?>[ .-]*\\d){2,10}|(?>[ .-]*\\d){8}|(?>[ .-]*\\d){8}|(?>[ .-]*[\\dA-Z]){2}(?>[ .-]*\\d){9}|(?>[ .-]*\\d){8}[ .-]*[A-Z])".r
(?:(?>[ .-]*\\d){11}|(?>[ .-]*\\d){8}|[\\dA-Z](?>[ .-]*\\d){7}[ .-]*[\\dA-Z]|(?>[ .-]*\\d){9,10}|[ .-]*U(?>[ .-]*\\d){8}|(?>[ .-]*\\d){8}|(?>[ .-]*\\d){10}|(?>[ .-]*\\d){8}|(?:\\d[ .-]*[\\d*+A-Z](?>[ .-]*\\d){5}[ .-]*[A-Z]|(?>[ .-]*\\d){7}(?>[ .-]*[A-Z]){2})|(?>[ .-]*\\d){9}|(?>[ .-]*\\d){9}|(?>[ .-]*\\d){11}|(?>[ .-]*\\d){11}|(?>[ .-]*\\d){9}|(?>[ .-]*\\d){8}|(?>[ .-]*\\d){8,10}|(?>[ .-]*\\d){9}[ .-]*B(?>[ .-]*\\d){2}|0(?>[ .-]*\\d){9}|(?>[ .-]*\\d){10}|(?:(?>[ .-]*\\d){9}|(?>[ .-]*\\d){12})|(?>[ .-]*\\d){12}|(?:(?>[ .-]*\\d){9}(?:(?>[ .-]*\\d){3})?|GD[0-4](?>[ .-]*\\d){2}|HA[5-9](?>[ .-]*\\d){2})|(?>[ .-]*\\d){9}|(?>[ .-]*\\d){2,10}|(?>[ .-]*\\d){8}|(?>[ .-]*\\d){8}|(?>[ .-]*[\\dA-Z]){2}(?>[ .-]*\\d){9}|(?>[ .-]*\\d){8}[ .-]*[A-Z])
Kotlin
val regex = Regex("(?:(?>[ .-]*\\d){9,10}|0(?>[ .-]*\\d){9}|(?>[ .-]*\\d){9}|(?>[ .-]*\\d){9}|(?>[ .-]*\\d){11}|(?>[ .-]*\\d){8}|(?>[ .-]*\\d){9}|(?>[ .-]*\\d){2,10}|[ .-]*U(?>[ .-]*\\d){8}|(?>[ .-]*[\\dA-Z]){2}(?>[ .-]*\\d){9}|(?>[ .-]*\\d){9}[ .-]*B(?>[ .-]*\\d){2}|(?>[ .-]*\\d){11}|[\\dA-Z](?>[ .-]*\\d){7}[ .-]*[\\dA-Z]|(?:(?>[ .-]*\\d){9}(?:(?>[ .-]*\\d){3})?|GD[0-4](?>[ .-]*\\d){2}|HA[5-9](?>[ .-]*\\d){2})|(?>[ .-]*\\d){8,10}|(?>[ .-]*\\d){9}|(?>[ .-]*\\d){12}|(?>[ .-]*\\d){8}|(?>[ .-]*\\d){8}|(?>[ .-]*\\d){11}|(?>[ .-]*\\d){10}|(?>[ .-]*\\d){8}|(?>[ .-]*\\d){10}|(?:(?>[ .-]*\\d){9}|(?>[ .-]*\\d){12})|(?>[ .-]*\\d){8}|(?>[ .-]*\\d){8}|(?>[ .-]*\\d){8}[ .-]*[A-Z]|(?:\\d[ .-]*[\\d*+A-Z](?>[ .-]*\\d){5}[ .-]*[A-Z]|(?>[ .-]*\\d){7}(?>[ .-]*[A-Z]){2}))")
(?:(?>[ .-]*\\d){9,10}|0(?>[ .-]*\\d){9}|(?>[ .-]*\\d){9}|(?>[ .-]*\\d){9}|(?>[ .-]*\\d){11}|(?>[ .-]*\\d){8}|(?>[ .-]*\\d){9}|(?>[ .-]*\\d){2,10}|[ .-]*U(?>[ .-]*\\d){8}|(?>[ .-]*[\\dA-Z]){2}(?>[ .-]*\\d){9}|(?>[ .-]*\\d){9}[ .-]*B(?>[ .-]*\\d){2}|(?>[ .-]*\\d){11}|[\\dA-Z](?>[ .-]*\\d){7}[ .-]*[\\dA-Z]|(?:(?>[ .-]*\\d){9}(?:(?>[ .-]*\\d){3})?|GD[0-4](?>[ .-]*\\d){2}|HA[5-9](?>[ .-]*\\d){2})|(?>[ .-]*\\d){8,10}|(?>[ .-]*\\d){9}|(?>[ .-]*\\d){12}|(?>[ .-]*\\d){8}|(?>[ .-]*\\d){8}|(?>[ .-]*\\d){11}|(?>[ .-]*\\d){10}|(?>[ .-]*\\d){8}|(?>[ .-]*\\d){10}|(?:(?>[ .-]*\\d){9}|(?>[ .-]*\\d){12})|(?>[ .-]*\\d){8}|(?>[ .-]*\\d){8}|(?>[ .-]*\\d){8}[ .-]*[A-Z]|(?:\\d[ .-]*[\\d*+A-Z](?>[ .-]*\\d){5}[ .-]*[A-Z]|(?>[ .-]*\\d){7}(?>[ .-]*[A-Z]){2}))