Java
Pattern regex = Pattern.compile("(?:IE(?:[ -]*\\d[ -]*[\\d*+A-Z](?>[ -]*\\d){5}[ -]*[A-Z]|(?>[ -]*\\d){7}(?>[ -]*[A-Z]){2})|DK(?>[ -]*\\d){8}|PL(?>[ -]*\\d){10}|LV(?>[ -]*\\d){11}|SI(?>[ -]*\\d){8}|LU(?>[ -]*\\d){8}|IT(?>[ -]*\\d){11}|AT[ -]*U(?>[ -]*\\d){8}|LT(?:(?>[ -]*\\d){9}|(?>[ -]*\\d){12})|HR(?>[ -]*\\d){11}|HU(?>[ -]*\\d){8}|EE(?>[ -]*\\d){9}|FR(?>[ -]*[\\dA-Z]){2}(?>[ -]*\\d){9}|PT(?>[ -]*\\d){9}|CY(?>[ -]*\\d){8}[ -]*[A-Z]|CZ(?>[ -]*\\d){8,10}|SK(?>[ -]*\\d){10}|DE(?>[ -]*\\d){9}|NL(?>[ -]*\\d){9}[ -]*B(?>[ -]*\\d){2}|GB(?:(?>[ -]*\\d){9}(?:(?>[ -]*\\d){3})?|GD[0-4](?>[ -]*\\d){2}|HA[5-9](?>[ -]*\\d){2})|(?:EL|GR)(?>[ -]*\\d){9}|BE[ -]*0(?>[ -]*\\d){9}|BG(?>[ -]*\\d){9,10}|RO(?>[ -]*\\d){2,10}|FI(?>[ -]*\\d){8}|ES[ -]*[\\dA-Z](?>[ -]*\\d){7}[ -]*[\\dA-Z]|MT(?>[ -]*\\d){8}|SE(?>[ -]*\\d){12})");
(?:IE(?:[ -]*\\d[ -]*[\\d*+A-Z](?>[ -]*\\d){5}[ -]*[A-Z]|(?>[ -]*\\d){7}(?>[ -]*[A-Z]){2})|DK(?>[ -]*\\d){8}|PL(?>[ -]*\\d){10}|LV(?>[ -]*\\d){11}|SI(?>[ -]*\\d){8}|LU(?>[ -]*\\d){8}|IT(?>[ -]*\\d){11}|AT[ -]*U(?>[ -]*\\d){8}|LT(?:(?>[ -]*\\d){9}|(?>[ -]*\\d){12})|HR(?>[ -]*\\d){11}|HU(?>[ -]*\\d){8}|EE(?>[ -]*\\d){9}|FR(?>[ -]*[\\dA-Z]){2}(?>[ -]*\\d){9}|PT(?>[ -]*\\d){9}|CY(?>[ -]*\\d){8}[ -]*[A-Z]|CZ(?>[ -]*\\d){8,10}|SK(?>[ -]*\\d){10}|DE(?>[ -]*\\d){9}|NL(?>[ -]*\\d){9}[ -]*B(?>[ -]*\\d){2}|GB(?:(?>[ -]*\\d){9}(?:(?>[ -]*\\d){3})?|GD[0-4](?>[ -]*\\d){2}|HA[5-9](?>[ -]*\\d){2})|(?:EL|GR)(?>[ -]*\\d){9}|BE[ -]*0(?>[ -]*\\d){9}|BG(?>[ -]*\\d){9,10}|RO(?>[ -]*\\d){2,10}|FI(?>[ -]*\\d){8}|ES[ -]*[\\dA-Z](?>[ -]*\\d){7}[ -]*[\\dA-Z]|MT(?>[ -]*\\d){8}|SE(?>[ -]*\\d){12})
Perl
my $regex = /(?:RO(?>[ -]*\d){2,10}|ES[ -]*[\dA-Z](?>[ -]*\d){7}[ -]*[\dA-Z]|BG(?>[ -]*\d){9,10}|FR(?>[ -]*[\dA-Z]){2}(?>[ -]*\d){9}|LU(?>[ -]*\d){8}|MT(?>[ -]*\d){8}|DE(?>[ -]*\d){9}|FI(?>[ -]*\d){8}|CZ(?>[ -]*\d){8,10}|GB(?:(?>[ -]*\d){9}(?:(?>[ -]*\d){3})?|GD[0-4](?>[ -]*\d){2}|HA[5-9](?>[ -]*\d){2})|PT(?>[ -]*\d){9}|HU(?>[ -]*\d){8}|EE(?>[ -]*\d){9}|CY(?>[ -]*\d){8}[ -]*[A-Z]|IE(?:[ -]*\d[ -]*[\d*+A-Z](?>[ -]*\d){5}[ -]*[A-Z]|(?>[ -]*\d){7}(?>[ -]*[A-Z]){2})|PL(?>[ -]*\d){10}|NL(?>[ -]*\d){9}[ -]*B(?>[ -]*\\d){2}|SK(?>[ -]*\d){10}|SE(?>[ -]*\d){12}|SI(?>[ -]*\d){8}|LV(?>[ -]*\d){11}|(?:EL|GR)(?>[ -]*\d){9}|LT(?:(?>[ -]*\d){9}|(?>[ -]*\d){12})|HR(?>[ -]*\d){11}|AT[ -]*U(?>[ -]*\d){8}|DK(?>[ -]*\d){8}|IT(?>[ -]*\d){11}|BE[ -]*0(?>[ -]*\d){9})/;
(?:RO(?>[ -]*\d){2,10}|ES[ -]*[\dA-Z](?>[ -]*\d){7}[ -]*[\dA-Z]|BG(?>[ -]*\d){9,10}|FR(?>[ -]*[\dA-Z]){2}(?>[ -]*\d){9}|LU(?>[ -]*\d){8}|MT(?>[ -]*\d){8}|DE(?>[ -]*\d){9}|FI(?>[ -]*\d){8}|CZ(?>[ -]*\d){8,10}|GB(?:(?>[ -]*\d){9}(?:(?>[ -]*\d){3})?|GD[0-4](?>[ -]*\d){2}|HA[5-9](?>[ -]*\d){2})|PT(?>[ -]*\d){9}|HU(?>[ -]*\d){8}|EE(?>[ -]*\d){9}|CY(?>[ -]*\d){8}[ -]*[A-Z]|IE(?:[ -]*\d[ -]*[\d*+A-Z](?>[ -]*\d){5}[ -]*[A-Z]|(?>[ -]*\d){7}(?>[ -]*[A-Z]){2})|PL(?>[ -]*\d){10}|NL(?>[ -]*\d){9}[ -]*B(?>[ -]*\\d){2}|SK(?>[ -]*\d){10}|SE(?>[ -]*\d){12}|SI(?>[ -]*\d){8}|LV(?>[ -]*\d){11}|(?:EL|GR)(?>[ -]*\d){9}|LT(?:(?>[ -]*\d){9}|(?>[ -]*\d){12})|HR(?>[ -]*\d){11}|AT[ -]*U(?>[ -]*\d){8}|DK(?>[ -]*\d){8}|IT(?>[ -]*\d){11}|BE[ -]*0(?>[ -]*\d){9})
POSIX
(?:ES[ -]*[\dA-Z](?>[ -]*\d){7}[ -]*[\dA-Z]|DK(?>[ -]*\d){8}|LT(?:(?>[ -]*\d){9}|(?>[ -]*\d){12})|BG(?>[ -]*\d){9,10}|DE(?>[ -]*\d){9}|CY(?>[ -]*\d){8}[ -]*[A-Z]|IT(?>[ -]*\d){11}|PL(?>[ -]*\d){10}|LU(?>[ -]*\d){8}|RO(?>[ -]*\d){2,10}|IE(?:[ -]*\d[ -]*[\d*+A-Z](?>[ -]*\d){5}[ -]*[A-Z]|(?>[ -]*\d){7}(?>[ -]*[A-Z]){2})|BE[ -]*0(?>[ -]*\d){9}|(?:EL|GR)(?>[ -]*\d){9}|LV(?>[ -]*\d){11}|FI(?>[ -]*\d){8}|FR(?>[ -]*[\dA-Z]){2}(?>[ -]*\d){9}|AT[ -]*U(?>[ -]*\d){8}|SE(?>[ -]*\d){12}|PT(?>[ -]*\d){9}|CZ(?>[ -]*\d){8,10}|NL(?>[ -]*\d){9}[ -]*B(?>[ -]*\\d){2}|HU(?>[ -]*\d){8}|SK(?>[ -]*\d){10}|GB(?:(?>[ -]*\d){9}(?:(?>[ -]*\d){3})?|GD[0-4](?>[ -]*\d){2}|HA[5-9](?>[ -]*\d){2})|SI(?>[ -]*\d){8}|HR(?>[ -]*\d){11}|EE(?>[ -]*\d){9}|MT(?>[ -]*\d){8})
(?:ES[ -]*[\dA-Z](?>[ -]*\d){7}[ -]*[\dA-Z]|DK(?>[ -]*\d){8}|LT(?:(?>[ -]*\d){9}|(?>[ -]*\d){12})|BG(?>[ -]*\d){9,10}|DE(?>[ -]*\d){9}|CY(?>[ -]*\d){8}[ -]*[A-Z]|IT(?>[ -]*\d){11}|PL(?>[ -]*\d){10}|LU(?>[ -]*\d){8}|RO(?>[ -]*\d){2,10}|IE(?:[ -]*\d[ -]*[\d*+A-Z](?>[ -]*\d){5}[ -]*[A-Z]|(?>[ -]*\d){7}(?>[ -]*[A-Z]){2})|BE[ -]*0(?>[ -]*\d){9}|(?:EL|GR)(?>[ -]*\d){9}|LV(?>[ -]*\d){11}|FI(?>[ -]*\d){8}|FR(?>[ -]*[\dA-Z]){2}(?>[ -]*\d){9}|AT[ -]*U(?>[ -]*\d){8}|SE(?>[ -]*\d){12}|PT(?>[ -]*\d){9}|CZ(?>[ -]*\d){8,10}|NL(?>[ -]*\d){9}[ -]*B(?>[ -]*\\d){2}|HU(?>[ -]*\d){8}|SK(?>[ -]*\d){10}|GB(?:(?>[ -]*\d){9}(?:(?>[ -]*\d){3})?|GD[0-4](?>[ -]*\d){2}|HA[5-9](?>[ -]*\d){2})|SI(?>[ -]*\d){8}|HR(?>[ -]*\d){11}|EE(?>[ -]*\d){9}|MT(?>[ -]*\d){8})
Python
regex = re.compile(r'(?:GB(?:(?>[ -]*\d){9}(?:(?>[ -]*\d){3})?|GD[0-4](?>[ -]*\d){2}|HA[5-9](?>[ -]*\d){2})|NL(?>[ -]*\d){9}[ -]*B(?>[ -]*\\d){2}|PT(?>[ -]*\d){9}|EE(?>[ -]*\d){9}|AT[ -]*U(?>[ -]*\d){8}|BE[ -]*0(?>[ -]*\d){9}|IT(?>[ -]*\d){11}|SE(?>[ -]*\d){12}|HR(?>[ -]*\d){11}|RO(?>[ -]*\d){2,10}|(?:EL|GR)(?>[ -]*\d){9}|SI(?>[ -]*\d){8}|IE(?:[ -]*\d[ -]*[\d*+A-Z](?>[ -]*\d){5}[ -]*[A-Z]|(?>[ -]*\d){7}(?>[ -]*[A-Z]){2})|LV(?>[ -]*\d){11}|CY(?>[ -]*\d){8}[ -]*[A-Z]|BG(?>[ -]*\d){9,10}|SK(?>[ -]*\d){10}|LU(?>[ -]*\d){8}|DE(?>[ -]*\d){9}|FR(?>[ -]*[\dA-Z]){2}(?>[ -]*\d){9}|PL(?>[ -]*\d){10}|CZ(?>[ -]*\d){8,10}|DK(?>[ -]*\d){8}|LT(?:(?>[ -]*\d){9}|(?>[ -]*\d){12})|FI(?>[ -]*\d){8}|MT(?>[ -]*\d){8}|HU(?>[ -]*\d){8}|ES[ -]*[\dA-Z](?>[ -]*\d){7}[ -]*[\dA-Z])')
(?:GB(?:(?>[ -]*\d){9}(?:(?>[ -]*\d){3})?|GD[0-4](?>[ -]*\d){2}|HA[5-9](?>[ -]*\d){2})|NL(?>[ -]*\d){9}[ -]*B(?>[ -]*\\d){2}|PT(?>[ -]*\d){9}|EE(?>[ -]*\d){9}|AT[ -]*U(?>[ -]*\d){8}|BE[ -]*0(?>[ -]*\d){9}|IT(?>[ -]*\d){11}|SE(?>[ -]*\d){12}|HR(?>[ -]*\d){11}|RO(?>[ -]*\d){2,10}|(?:EL|GR)(?>[ -]*\d){9}|SI(?>[ -]*\d){8}|IE(?:[ -]*\d[ -]*[\d*+A-Z](?>[ -]*\d){5}[ -]*[A-Z]|(?>[ -]*\d){7}(?>[ -]*[A-Z]){2})|LV(?>[ -]*\d){11}|CY(?>[ -]*\d){8}[ -]*[A-Z]|BG(?>[ -]*\d){9,10}|SK(?>[ -]*\d){10}|LU(?>[ -]*\d){8}|DE(?>[ -]*\d){9}|FR(?>[ -]*[\dA-Z]){2}(?>[ -]*\d){9}|PL(?>[ -]*\d){10}|CZ(?>[ -]*\d){8,10}|DK(?>[ -]*\d){8}|LT(?:(?>[ -]*\d){9}|(?>[ -]*\d){12})|FI(?>[ -]*\d){8}|MT(?>[ -]*\d){8}|HU(?>[ -]*\d){8}|ES[ -]*[\dA-Z](?>[ -]*\d){7}[ -]*[\dA-Z])
JavaScript
const regex = /(?:LU(?>[ -]*\d){8}|PT(?>[ -]*\d){9}|HR(?>[ -]*\d){11}|HU(?>[ -]*\d){8}|DE(?>[ -]*\d){9}|AT[ -]*U(?>[ -]*\d){8}|FI(?>[ -]*\d){8}|EE(?>[ -]*\d){9}|BE[ -]*0(?>[ -]*\d){9}|(?:EL|GR)(?>[ -]*\d){9}|CZ(?>[ -]*\d){8,10}|BG(?>[ -]*\d){9,10}|ES[ -]*[\dA-Z](?>[ -]*\d){7}[ -]*[\dA-Z]|CY(?>[ -]*\d){8}[ -]*[A-Z]|NL(?>[ -]*\d){9}[ -]*B(?>[ -]*\\d){2}|SE(?>[ -]*\d){12}|LV(?>[ -]*\d){11}|FR(?>[ -]*[\dA-Z]){2}(?>[ -]*\d){9}|PL(?>[ -]*\d){10}|MT(?>[ -]*\d){8}|SK(?>[ -]*\d){10}|RO(?>[ -]*\d){2,10}|SI(?>[ -]*\d){8}|LT(?:(?>[ -]*\d){9}|(?>[ -]*\d){12})|IT(?>[ -]*\d){11}|GB(?:(?>[ -]*\d){9}(?:(?>[ -]*\d){3})?|GD[0-4](?>[ -]*\d){2}|HA[5-9](?>[ -]*\d){2})|IE(?:[ -]*\d[ -]*[\d*+A-Z](?>[ -]*\d){5}[ -]*[A-Z]|(?>[ -]*\d){7}(?>[ -]*[A-Z]){2})|DK(?>[ -]*\d){8})/;
(?:LU(?>[ -]*\d){8}|PT(?>[ -]*\d){9}|HR(?>[ -]*\d){11}|HU(?>[ -]*\d){8}|DE(?>[ -]*\d){9}|AT[ -]*U(?>[ -]*\d){8}|FI(?>[ -]*\d){8}|EE(?>[ -]*\d){9}|BE[ -]*0(?>[ -]*\d){9}|(?:EL|GR)(?>[ -]*\d){9}|CZ(?>[ -]*\d){8,10}|BG(?>[ -]*\d){9,10}|ES[ -]*[\dA-Z](?>[ -]*\d){7}[ -]*[\dA-Z]|CY(?>[ -]*\d){8}[ -]*[A-Z]|NL(?>[ -]*\d){9}[ -]*B(?>[ -]*\\d){2}|SE(?>[ -]*\d){12}|LV(?>[ -]*\d){11}|FR(?>[ -]*[\dA-Z]){2}(?>[ -]*\d){9}|PL(?>[ -]*\d){10}|MT(?>[ -]*\d){8}|SK(?>[ -]*\d){10}|RO(?>[ -]*\d){2,10}|SI(?>[ -]*\d){8}|LT(?:(?>[ -]*\d){9}|(?>[ -]*\d){12})|IT(?>[ -]*\d){11}|GB(?:(?>[ -]*\d){9}(?:(?>[ -]*\d){3})?|GD[0-4](?>[ -]*\d){2}|HA[5-9](?>[ -]*\d){2})|IE(?:[ -]*\d[ -]*[\d*+A-Z](?>[ -]*\d){5}[ -]*[A-Z]|(?>[ -]*\d){7}(?>[ -]*[A-Z]){2})|DK(?>[ -]*\d){8})
PHP
$regex = '/(?:SK(?>[ -]*\d){10}|RO(?>[ -]*\d){2,10}|CZ(?>[ -]*\d){8,10}|BE[ -]*0(?>[ -]*\d){9}|FI(?>[ -]*\d){8}|DK(?>[ -]*\d){8}|PL(?>[ -]*\d){10}|BG(?>[ -]*\d){9,10}|NL(?>[ -]*\d){9}[ -]*B(?>[ -]*\\d){2}|AT[ -]*U(?>[ -]*\d){8}|LU(?>[ -]*\d){8}|SE(?>[ -]*\d){12}|HU(?>[ -]*\d){8}|IT(?>[ -]*\d){11}|PT(?>[ -]*\d){9}|EE(?>[ -]*\d){9}|FR(?>[ -]*[\dA-Z]){2}(?>[ -]*\d){9}|ES[ -]*[\dA-Z](?>[ -]*\d){7}[ -]*[\dA-Z]|LT(?:(?>[ -]*\d){9}|(?>[ -]*\d){12})|SI(?>[ -]*\d){8}|IE(?:[ -]*\d[ -]*[\d*+A-Z](?>[ -]*\d){5}[ -]*[A-Z]|(?>[ -]*\d){7}(?>[ -]*[A-Z]){2})|DE(?>[ -]*\d){9}|LV(?>[ -]*\d){11}|CY(?>[ -]*\d){8}[ -]*[A-Z]|HR(?>[ -]*\d){11}|(?:EL|GR)(?>[ -]*\d){9}|GB(?:(?>[ -]*\d){9}(?:(?>[ -]*\d){3})?|GD[0-4](?>[ -]*\d){2}|HA[5-9](?>[ -]*\d){2})|MT(?>[ -]*\d){8})/';
(?:SK(?>[ -]*\d){10}|RO(?>[ -]*\d){2,10}|CZ(?>[ -]*\d){8,10}|BE[ -]*0(?>[ -]*\d){9}|FI(?>[ -]*\d){8}|DK(?>[ -]*\d){8}|PL(?>[ -]*\d){10}|BG(?>[ -]*\d){9,10}|NL(?>[ -]*\d){9}[ -]*B(?>[ -]*\\d){2}|AT[ -]*U(?>[ -]*\d){8}|LU(?>[ -]*\d){8}|SE(?>[ -]*\d){12}|HU(?>[ -]*\d){8}|IT(?>[ -]*\d){11}|PT(?>[ -]*\d){9}|EE(?>[ -]*\d){9}|FR(?>[ -]*[\dA-Z]){2}(?>[ -]*\d){9}|ES[ -]*[\dA-Z](?>[ -]*\d){7}[ -]*[\dA-Z]|LT(?:(?>[ -]*\d){9}|(?>[ -]*\d){12})|SI(?>[ -]*\d){8}|IE(?:[ -]*\d[ -]*[\d*+A-Z](?>[ -]*\d){5}[ -]*[A-Z]|(?>[ -]*\d){7}(?>[ -]*[A-Z]){2})|DE(?>[ -]*\d){9}|LV(?>[ -]*\d){11}|CY(?>[ -]*\d){8}[ -]*[A-Z]|HR(?>[ -]*\d){11}|(?:EL|GR)(?>[ -]*\d){9}|GB(?:(?>[ -]*\d){9}(?:(?>[ -]*\d){3})?|GD[0-4](?>[ -]*\d){2}|HA[5-9](?>[ -]*\d){2})|MT(?>[ -]*\d){8})
Golang
regex, _ := regexp.Compile("(?:SE(?>[ -]*\\d){12}|LU(?>[ -]*\\d){8}|BE[ -]*0(?>[ -]*\\d){9}|IE(?:[ -]*\\d[ -]*[\\d*+A-Z](?>[ -]*\\d){5}[ -]*[A-Z]|(?>[ -]*\\d){7}(?>[ -]*[A-Z]){2})|BG(?>[ -]*\\d){9,10}|(?:EL|GR)(?>[ -]*\\d){9}|PT(?>[ -]*\\d){9}|DK(?>[ -]*\\d){8}|FI(?>[ -]*\\d){8}|DE(?>[ -]*\\d){9}|FR(?>[ -]*[\\dA-Z]){2}(?>[ -]*\\d){9}|GB(?:(?>[ -]*\\d){9}(?:(?>[ -]*\\d){3})?|GD[0-4](?>[ -]*\\d){2}|HA[5-9](?>[ -]*\\d){2})|SI(?>[ -]*\\d){8}|SK(?>[ -]*\\d){10}|HR(?>[ -]*\\d){11}|NL(?>[ -]*\\d){9}[ -]*B(?>[ -]*\\d){2}|MT(?>[ -]*\\d){8}|IT(?>[ -]*\\d){11}|EE(?>[ -]*\\d){9}|AT[ -]*U(?>[ -]*\\d){8}|ES[ -]*[\\dA-Z](?>[ -]*\\d){7}[ -]*[\\dA-Z]|LT(?:(?>[ -]*\\d){9}|(?>[ -]*\\d){12})|CZ(?>[ -]*\\d){8,10}|PL(?>[ -]*\\d){10}|LV(?>[ -]*\\d){11}|RO(?>[ -]*\\d){2,10}|CY(?>[ -]*\\d){8}[ -]*[A-Z]|HU(?>[ -]*\\d){8})")
(?:SE(?>[ -]*\\d){12}|LU(?>[ -]*\\d){8}|BE[ -]*0(?>[ -]*\\d){9}|IE(?:[ -]*\\d[ -]*[\\d*+A-Z](?>[ -]*\\d){5}[ -]*[A-Z]|(?>[ -]*\\d){7}(?>[ -]*[A-Z]){2})|BG(?>[ -]*\\d){9,10}|(?:EL|GR)(?>[ -]*\\d){9}|PT(?>[ -]*\\d){9}|DK(?>[ -]*\\d){8}|FI(?>[ -]*\\d){8}|DE(?>[ -]*\\d){9}|FR(?>[ -]*[\\dA-Z]){2}(?>[ -]*\\d){9}|GB(?:(?>[ -]*\\d){9}(?:(?>[ -]*\\d){3})?|GD[0-4](?>[ -]*\\d){2}|HA[5-9](?>[ -]*\\d){2})|SI(?>[ -]*\\d){8}|SK(?>[ -]*\\d){10}|HR(?>[ -]*\\d){11}|NL(?>[ -]*\\d){9}[ -]*B(?>[ -]*\\d){2}|MT(?>[ -]*\\d){8}|IT(?>[ -]*\\d){11}|EE(?>[ -]*\\d){9}|AT[ -]*U(?>[ -]*\\d){8}|ES[ -]*[\\dA-Z](?>[ -]*\\d){7}[ -]*[\\dA-Z]|LT(?:(?>[ -]*\\d){9}|(?>[ -]*\\d){12})|CZ(?>[ -]*\\d){8,10}|PL(?>[ -]*\\d){10}|LV(?>[ -]*\\d){11}|RO(?>[ -]*\\d){2,10}|CY(?>[ -]*\\d){8}[ -]*[A-Z]|HU(?>[ -]*\\d){8})
Rust
let re = Regex::new(r"(?:(?:EL|GR)(?>[ -]*\d){9}|CY(?>[ -]*\d){8}[ -]*[A-Z]|LV(?>[ -]*\d){11}|BG(?>[ -]*\d){9,10}|AT[ -]*U(?>[ -]*\d){8}|GB(?:(?>[ -]*\d){9}(?:(?>[ -]*\d){3})?|GD[0-4](?>[ -]*\d){2}|HA[5-9](?>[ -]*\d){2})|HU(?>[ -]*\d){8}|HR(?>[ -]*\d){11}|DK(?>[ -]*\d){8}|EE(?>[ -]*\d){9}|SK(?>[ -]*\d){10}|LT(?:(?>[ -]*\d){9}|(?>[ -]*\d){12})|ES[ -]*[\dA-Z](?>[ -]*\d){7}[ -]*[\dA-Z]|NL(?>[ -]*\d){9}[ -]*B(?>[ -]*\\d){2}|BE[ -]*0(?>[ -]*\d){9}|SE(?>[ -]*\d){12}|FR(?>[ -]*[\dA-Z]){2}(?>[ -]*\d){9}|PL(?>[ -]*\d){10}|LU(?>[ -]*\d){8}|IT(?>[ -]*\d){11}|MT(?>[ -]*\d){8}|SI(?>[ -]*\d){8}|IE(?:[ -]*\d[ -]*[\d*+A-Z](?>[ -]*\d){5}[ -]*[A-Z]|(?>[ -]*\d){7}(?>[ -]*[A-Z]){2})|FI(?>[ -]*\d){8}|RO(?>[ -]*\d){2,10}|CZ(?>[ -]*\d){8,10}|PT(?>[ -]*\d){9}|DE(?>[ -]*\d){9})").unwrap();
(?:(?:EL|GR)(?>[ -]*\d){9}|CY(?>[ -]*\d){8}[ -]*[A-Z]|LV(?>[ -]*\d){11}|BG(?>[ -]*\d){9,10}|AT[ -]*U(?>[ -]*\d){8}|GB(?:(?>[ -]*\d){9}(?:(?>[ -]*\d){3})?|GD[0-4](?>[ -]*\d){2}|HA[5-9](?>[ -]*\d){2})|HU(?>[ -]*\d){8}|HR(?>[ -]*\d){11}|DK(?>[ -]*\d){8}|EE(?>[ -]*\d){9}|SK(?>[ -]*\d){10}|LT(?:(?>[ -]*\d){9}|(?>[ -]*\d){12})|ES[ -]*[\dA-Z](?>[ -]*\d){7}[ -]*[\dA-Z]|NL(?>[ -]*\d){9}[ -]*B(?>[ -]*\\d){2}|BE[ -]*0(?>[ -]*\d){9}|SE(?>[ -]*\d){12}|FR(?>[ -]*[\dA-Z]){2}(?>[ -]*\d){9}|PL(?>[ -]*\d){10}|LU(?>[ -]*\d){8}|IT(?>[ -]*\d){11}|MT(?>[ -]*\d){8}|SI(?>[ -]*\d){8}|IE(?:[ -]*\d[ -]*[\d*+A-Z](?>[ -]*\d){5}[ -]*[A-Z]|(?>[ -]*\d){7}(?>[ -]*[A-Z]){2})|FI(?>[ -]*\d){8}|RO(?>[ -]*\d){2,10}|CZ(?>[ -]*\d){8,10}|PT(?>[ -]*\d){9}|DE(?>[ -]*\d){9})
C#
var re = new Regex(@"(?:FR(?>[ -]*[\dA-Z]){2}(?>[ -]*\d){9}|IT(?>[ -]*\d){11}|SI(?>[ -]*\d){8}|LV(?>[ -]*\d){11}|DK(?>[ -]*\d){8}|HU(?>[ -]*\d){8}|LT(?:(?>[ -]*\d){9}|(?>[ -]*\d){12})|CY(?>[ -]*\d){8}[ -]*[A-Z]|CZ(?>[ -]*\d){8,10}|BG(?>[ -]*\d){9,10}|LU(?>[ -]*\d){8}|SK(?>[ -]*\d){10}|ES[ -]*[\dA-Z](?>[ -]*\d){7}[ -]*[\dA-Z]|DE(?>[ -]*\d){9}|MT(?>[ -]*\d){8}|NL(?>[ -]*\d){9}[ -]*B(?>[ -]*\\d){2}|FI(?>[ -]*\d){8}|HR(?>[ -]*\d){11}|AT[ -]*U(?>[ -]*\d){8}|GB(?:(?>[ -]*\d){9}(?:(?>[ -]*\d){3})?|GD[0-4](?>[ -]*\d){2}|HA[5-9](?>[ -]*\d){2})|EE(?>[ -]*\d){9}|RO(?>[ -]*\d){2,10}|IE(?:[ -]*\d[ -]*[\d*+A-Z](?>[ -]*\d){5}[ -]*[A-Z]|(?>[ -]*\d){7}(?>[ -]*[A-Z]){2})|BE[ -]*0(?>[ -]*\d){9}|PT(?>[ -]*\d){9}|SE(?>[ -]*\d){12}|(?:EL|GR)(?>[ -]*\d){9}|PL(?>[ -]*\d){10})");
(?:FR(?>[ -]*[\dA-Z]){2}(?>[ -]*\d){9}|IT(?>[ -]*\d){11}|SI(?>[ -]*\d){8}|LV(?>[ -]*\d){11}|DK(?>[ -]*\d){8}|HU(?>[ -]*\d){8}|LT(?:(?>[ -]*\d){9}|(?>[ -]*\d){12})|CY(?>[ -]*\d){8}[ -]*[A-Z]|CZ(?>[ -]*\d){8,10}|BG(?>[ -]*\d){9,10}|LU(?>[ -]*\d){8}|SK(?>[ -]*\d){10}|ES[ -]*[\dA-Z](?>[ -]*\d){7}[ -]*[\dA-Z]|DE(?>[ -]*\d){9}|MT(?>[ -]*\d){8}|NL(?>[ -]*\d){9}[ -]*B(?>[ -]*\\d){2}|FI(?>[ -]*\d){8}|HR(?>[ -]*\d){11}|AT[ -]*U(?>[ -]*\d){8}|GB(?:(?>[ -]*\d){9}(?:(?>[ -]*\d){3})?|GD[0-4](?>[ -]*\d){2}|HA[5-9](?>[ -]*\d){2})|EE(?>[ -]*\d){9}|RO(?>[ -]*\d){2,10}|IE(?:[ -]*\d[ -]*[\d*+A-Z](?>[ -]*\d){5}[ -]*[A-Z]|(?>[ -]*\d){7}(?>[ -]*[A-Z]){2})|BE[ -]*0(?>[ -]*\d){9}|PT(?>[ -]*\d){9}|SE(?>[ -]*\d){12}|(?:EL|GR)(?>[ -]*\d){9}|PL(?>[ -]*\d){10})
Scala
val re = "(?:HU(?>[ -]*\\d){8}|SK(?>[ -]*\\d){10}|CZ(?>[ -]*\\d){8,10}|PT(?>[ -]*\\d){9}|HR(?>[ -]*\\d){11}|LU(?>[ -]*\\d){8}|DK(?>[ -]*\\d){8}|CY(?>[ -]*\\d){8}[ -]*[A-Z]|(?:EL|GR)(?>[ -]*\\d){9}|NL(?>[ -]*\\d){9}[ -]*B(?>[ -]*\\d){2}|AT[ -]*U(?>[ -]*\\d){8}|RO(?>[ -]*\\d){2,10}|BE[ -]*0(?>[ -]*\\d){9}|SI(?>[ -]*\\d){8}|PL(?>[ -]*\\d){10}|FR(?>[ -]*[\\dA-Z]){2}(?>[ -]*\\d){9}|SE(?>[ -]*\\d){12}|EE(?>[ -]*\\d){9}|FI(?>[ -]*\\d){8}|IT(?>[ -]*\\d){11}|MT(?>[ -]*\\d){8}|LV(?>[ -]*\\d){11}|DE(?>[ -]*\\d){9}|LT(?:(?>[ -]*\\d){9}|(?>[ -]*\\d){12})|IE(?:[ -]*\\d[ -]*[\\d*+A-Z](?>[ -]*\\d){5}[ -]*[A-Z]|(?>[ -]*\\d){7}(?>[ -]*[A-Z]){2})|BG(?>[ -]*\\d){9,10}|GB(?:(?>[ -]*\\d){9}(?:(?>[ -]*\\d){3})?|GD[0-4](?>[ -]*\\d){2}|HA[5-9](?>[ -]*\\d){2})|ES[ -]*[\\dA-Z](?>[ -]*\\d){7}[ -]*[\\dA-Z])".r
(?:HU(?>[ -]*\\d){8}|SK(?>[ -]*\\d){10}|CZ(?>[ -]*\\d){8,10}|PT(?>[ -]*\\d){9}|HR(?>[ -]*\\d){11}|LU(?>[ -]*\\d){8}|DK(?>[ -]*\\d){8}|CY(?>[ -]*\\d){8}[ -]*[A-Z]|(?:EL|GR)(?>[ -]*\\d){9}|NL(?>[ -]*\\d){9}[ -]*B(?>[ -]*\\d){2}|AT[ -]*U(?>[ -]*\\d){8}|RO(?>[ -]*\\d){2,10}|BE[ -]*0(?>[ -]*\\d){9}|SI(?>[ -]*\\d){8}|PL(?>[ -]*\\d){10}|FR(?>[ -]*[\\dA-Z]){2}(?>[ -]*\\d){9}|SE(?>[ -]*\\d){12}|EE(?>[ -]*\\d){9}|FI(?>[ -]*\\d){8}|IT(?>[ -]*\\d){11}|MT(?>[ -]*\\d){8}|LV(?>[ -]*\\d){11}|DE(?>[ -]*\\d){9}|LT(?:(?>[ -]*\\d){9}|(?>[ -]*\\d){12})|IE(?:[ -]*\\d[ -]*[\\d*+A-Z](?>[ -]*\\d){5}[ -]*[A-Z]|(?>[ -]*\\d){7}(?>[ -]*[A-Z]){2})|BG(?>[ -]*\\d){9,10}|GB(?:(?>[ -]*\\d){9}(?:(?>[ -]*\\d){3})?|GD[0-4](?>[ -]*\\d){2}|HA[5-9](?>[ -]*\\d){2})|ES[ -]*[\\dA-Z](?>[ -]*\\d){7}[ -]*[\\dA-Z])
Kotlin
val regex = Regex("(?:SK(?>[ -]*\\d){10}|MT(?>[ -]*\\d){8}|EE(?>[ -]*\\d){9}|PL(?>[ -]*\\d){10}|HR(?>[ -]*\\d){11}|HU(?>[ -]*\\d){8}|LU(?>[ -]*\\d){8}|AT[ -]*U(?>[ -]*\\d){8}|LT(?:(?>[ -]*\\d){9}|(?>[ -]*\\d){12})|IT(?>[ -]*\\d){11}|DK(?>[ -]*\\d){8}|SE(?>[ -]*\\d){12}|DE(?>[ -]*\\d){9}|CZ(?>[ -]*\\d){8,10}|NL(?>[ -]*\\d){9}[ -]*B(?>[ -]*\\d){2}|(?:EL|GR)(?>[ -]*\\d){9}|SI(?>[ -]*\\d){8}|RO(?>[ -]*\\d){2,10}|BG(?>[ -]*\\d){9,10}|LV(?>[ -]*\\d){11}|IE(?:[ -]*\\d[ -]*[\\d*+A-Z](?>[ -]*\\d){5}[ -]*[A-Z]|(?>[ -]*\\d){7}(?>[ -]*[A-Z]){2})|BE[ -]*0(?>[ -]*\\d){9}|GB(?:(?>[ -]*\\d){9}(?:(?>[ -]*\\d){3})?|GD[0-4](?>[ -]*\\d){2}|HA[5-9](?>[ -]*\\d){2})|CY(?>[ -]*\\d){8}[ -]*[A-Z]|FR(?>[ -]*[\\dA-Z]){2}(?>[ -]*\\d){9}|PT(?>[ -]*\\d){9}|FI(?>[ -]*\\d){8}|ES[ -]*[\\dA-Z](?>[ -]*\\d){7}[ -]*[\\dA-Z])")
(?:SK(?>[ -]*\\d){10}|MT(?>[ -]*\\d){8}|EE(?>[ -]*\\d){9}|PL(?>[ -]*\\d){10}|HR(?>[ -]*\\d){11}|HU(?>[ -]*\\d){8}|LU(?>[ -]*\\d){8}|AT[ -]*U(?>[ -]*\\d){8}|LT(?:(?>[ -]*\\d){9}|(?>[ -]*\\d){12})|IT(?>[ -]*\\d){11}|DK(?>[ -]*\\d){8}|SE(?>[ -]*\\d){12}|DE(?>[ -]*\\d){9}|CZ(?>[ -]*\\d){8,10}|NL(?>[ -]*\\d){9}[ -]*B(?>[ -]*\\d){2}|(?:EL|GR)(?>[ -]*\\d){9}|SI(?>[ -]*\\d){8}|RO(?>[ -]*\\d){2,10}|BG(?>[ -]*\\d){9,10}|LV(?>[ -]*\\d){11}|IE(?:[ -]*\\d[ -]*[\\d*+A-Z](?>[ -]*\\d){5}[ -]*[A-Z]|(?>[ -]*\\d){7}(?>[ -]*[A-Z]){2})|BE[ -]*0(?>[ -]*\\d){9}|GB(?:(?>[ -]*\\d){9}(?:(?>[ -]*\\d){3})?|GD[0-4](?>[ -]*\\d){2}|HA[5-9](?>[ -]*\\d){2})|CY(?>[ -]*\\d){8}[ -]*[A-Z]|FR(?>[ -]*[\\dA-Z]){2}(?>[ -]*\\d){9}|PT(?>[ -]*\\d){9}|FI(?>[ -]*\\d){8}|ES[ -]*[\\dA-Z](?>[ -]*\\d){7}[ -]*[\\dA-Z])