Java
Pattern regex = Pattern.compile("(?=.*[a-z])(?=.*[!\"#$%&'()*+,-.:;<=>?@\\[\\]^_`{|}~]).{2,7}");
(?=.*[a-z])(?=.*[!\"#$%&'()*+,-.:;<=>?@\\[\\]^_`{|}~]).{2,7}
Perl
my $regex = /(?=.*[a-z])(?=.*[!"#$%&'()*+,-.:;<=>?@\[\]^_`{|}~]).{2,7}/;
(?=.*[a-z])(?=.*[!"#$%&'()*+,-.:;<=>?@\[\]^_`{|}~]).{2,7}
POSIX
(?=.*[a-z])(?=.*[!"#$%&'()*+,-.:;<=>?@\[\]^_`{|}~]).{2,7}
(?=.*[a-z])(?=.*[!"#$%&'()*+,-.:;<=>?@\[\]^_`{|}~]).{2,7}
Python
regex = re.compile(r'(?=.*[a-z])(?=.*[!"#$%&\'()*+,-.:;<=>?@\[\]^_`{|}~]).{2,7}')
(?=.*[a-z])(?=.*[!"#$%&\'()*+,-.:;<=>?@\[\]^_`{|}~]).{2,7}
JavaScript
const regex = /(?=.*[a-z])(?=.*[!"#$%&'()*+,-.:;<=>?@\[\]^_`{|}~]).{2,7}/;
(?=.*[a-z])(?=.*[!"#$%&'()*+,-.:;<=>?@\[\]^_`{|}~]).{2,7}
PHP
$regex = '/(?=.*[a-z])(?=.*[!"#$%&'()*+,-.:;<=>?@\[\]^_`{|}~]).{2,7}/';
(?=.*[a-z])(?=.*[!"#$%&'()*+,-.:;<=>?@\[\]^_`{|}~]).{2,7}
Golang
regex, _ := regexp.Compile("(?=.*[a-z])(?=.*[!\"#$%&'()*+,-.:;<=>?@\\[\\]^_`{|}~]).{2,7}")
(?=.*[a-z])(?=.*[!\"#$%&'()*+,-.:;<=>?@\\[\\]^_`{|}~]).{2,7}
Rust
let re = Regex::new(r"(?=.*[a-z])(?=.*[!"#$%&\'()*+,-.:;<=>?@\[\]^_`{|}~]).{2,7}").unwrap();
(?=.*[a-z])(?=.*[!"#$%&\'()*+,-.:;<=>?@\[\]^_`{|}~]).{2,7}
C#
var re = new Regex(@"(?=.*[a-z])(?=.*[!"#$%&\'()*+,-.:;<=>?@\[\]^_`{|}~]).{2,7}");
(?=.*[a-z])(?=.*[!"#$%&\'()*+,-.:;<=>?@\[\]^_`{|}~]).{2,7}
Scala
val re = "(?=.*[a-z])(?=.*[!\"#$%&'()*+,-.:;<=>?@\\[\\]^_`{|}~]).{2,7}".r
(?=.*[a-z])(?=.*[!\"#$%&'()*+,-.:;<=>?@\\[\\]^_`{|}~]).{2,7}
Kotlin
val regex = Regex("(?=.*[a-z])(?=.*[!\"#$%&'()*+,-.:;<=>?@\\[\\]^_`{|}~]).{2,7}")
(?=.*[a-z])(?=.*[!\"#$%&'()*+,-.:;<=>?@\\[\\]^_`{|}~]).{2,7}