Java
Pattern regex = Pattern.compile("[A-Za-z](?=.*[a-z])(?=.*[!\"#$%&'()*+,-.:;<=>?@\\[\\]^_`{|}~])(?=.*\\d)(?=.*[A-Z]).{22,54}");
[A-Za-z](?=.*[a-z])(?=.*[!\"#$%&'()*+,-.:;<=>?@\\[\\]^_`{|}~])(?=.*\\d)(?=.*[A-Z]).{22,54}
Perl
my $regex = /[A-Za-z](?=.*[a-z])(?=.*[!"#$%&'()*+,-.:;<=>?@\[\]^_`{|}~])(?=.*\d)(?=.*[A-Z]).{22,54}/;
[A-Za-z](?=.*[a-z])(?=.*[!"#$%&'()*+,-.:;<=>?@\[\]^_`{|}~])(?=.*\d)(?=.*[A-Z]).{22,54}
POSIX
[A-Za-z](?=.*[a-z])(?=.*[!"#$%&'()*+,-.:;<=>?@\[\]^_`{|}~])(?=.*\d)(?=.*[A-Z]).{22,54}
[A-Za-z](?=.*[a-z])(?=.*[!"#$%&'()*+,-.:;<=>?@\[\]^_`{|}~])(?=.*\d)(?=.*[A-Z]).{22,54}
Python
regex = re.compile(r'[A-Za-z](?=.*[a-z])(?=.*[!"#$%&\'()*+,-.:;<=>?@\[\]^_`{|}~])(?=.*\d)(?=.*[A-Z]).{22,54}')
[A-Za-z](?=.*[a-z])(?=.*[!"#$%&\'()*+,-.:;<=>?@\[\]^_`{|}~])(?=.*\d)(?=.*[A-Z]).{22,54}
JavaScript
const regex = /[A-Za-z](?=.*[a-z])(?=.*[!"#$%&'()*+,-.:;<=>?@\[\]^_`{|}~])(?=.*\d)(?=.*[A-Z]).{22,54}/;
[A-Za-z](?=.*[a-z])(?=.*[!"#$%&'()*+,-.:;<=>?@\[\]^_`{|}~])(?=.*\d)(?=.*[A-Z]).{22,54}
PHP
$regex = '/[A-Za-z](?=.*[a-z])(?=.*[!"#$%&'()*+,-.:;<=>?@\[\]^_`{|}~])(?=.*\d)(?=.*[A-Z]).{22,54}/';
[A-Za-z](?=.*[a-z])(?=.*[!"#$%&'()*+,-.:;<=>?@\[\]^_`{|}~])(?=.*\d)(?=.*[A-Z]).{22,54}
Golang
regex, _ := regexp.Compile("[A-Za-z](?=.*[a-z])(?=.*[!\"#$%&'()*+,-.:;<=>?@\\[\\]^_`{|}~])(?=.*\\d)(?=.*[A-Z]).{22,54}")
[A-Za-z](?=.*[a-z])(?=.*[!\"#$%&'()*+,-.:;<=>?@\\[\\]^_`{|}~])(?=.*\\d)(?=.*[A-Z]).{22,54}
Rust
let re = Regex::new(r"[A-Za-z](?=.*[a-z])(?=.*[!"#$%&\'()*+,-.:;<=>?@\[\]^_`{|}~])(?=.*\d)(?=.*[A-Z]).{22,54}").unwrap();
[A-Za-z](?=.*[a-z])(?=.*[!"#$%&\'()*+,-.:;<=>?@\[\]^_`{|}~])(?=.*\d)(?=.*[A-Z]).{22,54}
C#
var re = new Regex(@"[A-Za-z](?=.*[a-z])(?=.*[!"#$%&\'()*+,-.:;<=>?@\[\]^_`{|}~])(?=.*\d)(?=.*[A-Z]).{22,54}");
[A-Za-z](?=.*[a-z])(?=.*[!"#$%&\'()*+,-.:;<=>?@\[\]^_`{|}~])(?=.*\d)(?=.*[A-Z]).{22,54}
Scala
val re = "[A-Za-z](?=.*[a-z])(?=.*[!\"#$%&'()*+,-.:;<=>?@\\[\\]^_`{|}~])(?=.*\\d)(?=.*[A-Z]).{22,54}".r
[A-Za-z](?=.*[a-z])(?=.*[!\"#$%&'()*+,-.:;<=>?@\\[\\]^_`{|}~])(?=.*\\d)(?=.*[A-Z]).{22,54}
Kotlin
val regex = Regex("[A-Za-z](?=.*[a-z])(?=.*[!\"#$%&'()*+,-.:;<=>?@\\[\\]^_`{|}~])(?=.*\\d)(?=.*[A-Z]).{22,54}")
[A-Za-z](?=.*[a-z])(?=.*[!\"#$%&'()*+,-.:;<=>?@\\[\\]^_`{|}~])(?=.*\\d)(?=.*[A-Z]).{22,54}