Java
Pattern regex = Pattern.compile("\\b(?:2[ -]*1[ -]*3[ -]*1|1[ -]*8[ -]*0[ -]*0|3[ -]*5(?:[ -]*\\d){3})(?:[ -]*\\d){11}|6[ -]*(?:0[ -]*1[ -]*1|5[ -]*\\d[ -]*\\d)(?:[ -]*\\d){12}\\b");
\\b(?:2[ -]*1[ -]*3[ -]*1|1[ -]*8[ -]*0[ -]*0|3[ -]*5(?:[ -]*\\d){3})(?:[ -]*\\d){11}|6[ -]*(?:0[ -]*1[ -]*1|5[ -]*\\d[ -]*\\d)(?:[ -]*\\d){12}\\b
Perl
my $regex = /\b6[ -]*(?:0[ -]*1[ -]*1|5[ -]*\d[ -]*\d)(?:[ -]*\d){12}|(?:2[ -]*1[ -]*3[ -]*1|1[ -]*8[ -]*0[ -]*0|3[ -]*5(?:[ -]*\d){3})(?:[ -]*\d){11}\b/;
\b6[ -]*(?:0[ -]*1[ -]*1|5[ -]*\d[ -]*\d)(?:[ -]*\d){12}|(?:2[ -]*1[ -]*3[ -]*1|1[ -]*8[ -]*0[ -]*0|3[ -]*5(?:[ -]*\d){3})(?:[ -]*\d){11}\b
POSIX
\b6[ -]*(?:0[ -]*1[ -]*1|5[ -]*\d[ -]*\d)(?:[ -]*\d){12}|(?:2[ -]*1[ -]*3[ -]*1|1[ -]*8[ -]*0[ -]*0|3[ -]*5(?:[ -]*\d){3})(?:[ -]*\d){11}\b
\b6[ -]*(?:0[ -]*1[ -]*1|5[ -]*\d[ -]*\d)(?:[ -]*\d){12}|(?:2[ -]*1[ -]*3[ -]*1|1[ -]*8[ -]*0[ -]*0|3[ -]*5(?:[ -]*\d){3})(?:[ -]*\d){11}\b
Python
regex = re.compile(r'\b(?:2[ -]*1[ -]*3[ -]*1|1[ -]*8[ -]*0[ -]*0|3[ -]*5(?:[ -]*\d){3})(?:[ -]*\d){11}|6[ -]*(?:0[ -]*1[ -]*1|5[ -]*\d[ -]*\d)(?:[ -]*\d){12}\b')
\b(?:2[ -]*1[ -]*3[ -]*1|1[ -]*8[ -]*0[ -]*0|3[ -]*5(?:[ -]*\d){3})(?:[ -]*\d){11}|6[ -]*(?:0[ -]*1[ -]*1|5[ -]*\d[ -]*\d)(?:[ -]*\d){12}\b
JavaScript
const regex = /\b6[ -]*(?:0[ -]*1[ -]*1|5[ -]*\d[ -]*\d)(?:[ -]*\d){12}|(?:2[ -]*1[ -]*3[ -]*1|1[ -]*8[ -]*0[ -]*0|3[ -]*5(?:[ -]*\d){3})(?:[ -]*\d){11}\b/;
\b6[ -]*(?:0[ -]*1[ -]*1|5[ -]*\d[ -]*\d)(?:[ -]*\d){12}|(?:2[ -]*1[ -]*3[ -]*1|1[ -]*8[ -]*0[ -]*0|3[ -]*5(?:[ -]*\d){3})(?:[ -]*\d){11}\b
PHP
$regex = '/\b(?:2[ -]*1[ -]*3[ -]*1|1[ -]*8[ -]*0[ -]*0|3[ -]*5(?:[ -]*\d){3})(?:[ -]*\d){11}|6[ -]*(?:0[ -]*1[ -]*1|5[ -]*\d[ -]*\d)(?:[ -]*\d){12}\b/';
\b(?:2[ -]*1[ -]*3[ -]*1|1[ -]*8[ -]*0[ -]*0|3[ -]*5(?:[ -]*\d){3})(?:[ -]*\d){11}|6[ -]*(?:0[ -]*1[ -]*1|5[ -]*\d[ -]*\d)(?:[ -]*\d){12}\b
Golang
regex, _ := regexp.Compile("\\b(?:2[ -]*1[ -]*3[ -]*1|1[ -]*8[ -]*0[ -]*0|3[ -]*5(?:[ -]*\\d){3})(?:[ -]*\\d){11}|6[ -]*(?:0[ -]*1[ -]*1|5[ -]*\\d[ -]*\\d)(?:[ -]*\\d){12}\\b")
\\b(?:2[ -]*1[ -]*3[ -]*1|1[ -]*8[ -]*0[ -]*0|3[ -]*5(?:[ -]*\\d){3})(?:[ -]*\\d){11}|6[ -]*(?:0[ -]*1[ -]*1|5[ -]*\\d[ -]*\\d)(?:[ -]*\\d){12}\\b
Rust
let re = Regex::new(r"\b6[ -]*(?:0[ -]*1[ -]*1|5[ -]*\d[ -]*\d)(?:[ -]*\d){12}|(?:2[ -]*1[ -]*3[ -]*1|1[ -]*8[ -]*0[ -]*0|3[ -]*5(?:[ -]*\d){3})(?:[ -]*\d){11}\b").unwrap();
\b6[ -]*(?:0[ -]*1[ -]*1|5[ -]*\d[ -]*\d)(?:[ -]*\d){12}|(?:2[ -]*1[ -]*3[ -]*1|1[ -]*8[ -]*0[ -]*0|3[ -]*5(?:[ -]*\d){3})(?:[ -]*\d){11}\b
C#
var re = new Regex(@"\b(?:2[ -]*1[ -]*3[ -]*1|1[ -]*8[ -]*0[ -]*0|3[ -]*5(?:[ -]*\d){3})(?:[ -]*\d){11}|6[ -]*(?:0[ -]*1[ -]*1|5[ -]*\d[ -]*\d)(?:[ -]*\d){12}\b");
\b(?:2[ -]*1[ -]*3[ -]*1|1[ -]*8[ -]*0[ -]*0|3[ -]*5(?:[ -]*\d){3})(?:[ -]*\d){11}|6[ -]*(?:0[ -]*1[ -]*1|5[ -]*\d[ -]*\d)(?:[ -]*\d){12}\b
Scala
val re = "\\b(?:2[ -]*1[ -]*3[ -]*1|1[ -]*8[ -]*0[ -]*0|3[ -]*5(?:[ -]*\\d){3})(?:[ -]*\\d){11}|6[ -]*(?:0[ -]*1[ -]*1|5[ -]*\\d[ -]*\\d)(?:[ -]*\\d){12}\\b".r
\\b(?:2[ -]*1[ -]*3[ -]*1|1[ -]*8[ -]*0[ -]*0|3[ -]*5(?:[ -]*\\d){3})(?:[ -]*\\d){11}|6[ -]*(?:0[ -]*1[ -]*1|5[ -]*\\d[ -]*\\d)(?:[ -]*\\d){12}\\b
Kotlin
val regex = Regex("\\b6[ -]*(?:0[ -]*1[ -]*1|5[ -]*\\d[ -]*\\d)(?:[ -]*\\d){12}|(?:2[ -]*1[ -]*3[ -]*1|1[ -]*8[ -]*0[ -]*0|3[ -]*5(?:[ -]*\\d){3})(?:[ -]*\\d){11}\\b")
\\b6[ -]*(?:0[ -]*1[ -]*1|5[ -]*\\d[ -]*\\d)(?:[ -]*\\d){12}|(?:2[ -]*1[ -]*3[ -]*1|1[ -]*8[ -]*0[ -]*0|3[ -]*5(?:[ -]*\\d){3})(?:[ -]*\\d){11}\\b