Java
Pattern regex = Pattern.compile("^(?:[0-9a-f]{8}h|429496729[0-5]|42949672[0-8][0-9]|4294967[01][0-9]{2}|429496[0-6][0-9]{3}|42949[0-5][0-9]{4}|4294[0-8][0-9]{5}|429[0-3][0-9]{6}|42[0-8][0-9]{7}|4[01][0-9]{8}|[1-3][0-9]{9}|[1-9][0-9]{1,8}|[0-9]|[0-9a-f]{8}|[0-9]{1,3}\\.[0-9]{1,3}\\.[0-9]{1,3}\\.[0-9]{1,3}|0x[0-9a-f]{8})$");
^(?:[0-9a-f]{8}h|429496729[0-5]|42949672[0-8][0-9]|4294967[01][0-9]{2}|429496[0-6][0-9]{3}|42949[0-5][0-9]{4}|4294[0-8][0-9]{5}|429[0-3][0-9]{6}|42[0-8][0-9]{7}|4[01][0-9]{8}|[1-3][0-9]{9}|[1-9][0-9]{1,8}|[0-9]|[0-9a-f]{8}|[0-9]{1,3}\\.[0-9]{1,3}\\.[0-9]{1,3}\\.[0-9]{1,3}|0x[0-9a-f]{8})$
Perl
my $regex = /^(?:429496729[0-5]|42949672[0-8][0-9]|4294967[01][0-9]{2}|429496[0-6][0-9]{3}|42949[0-5][0-9]{4}|4294[0-8][0-9]{5}|429[0-3][0-9]{6}|42[0-8][0-9]{7}|4[01][0-9]{8}|[1-3][0-9]{9}|[1-9][0-9]{1,8}|[0-9]|0x[0-9a-f]{8}|[0-9a-f]{8}h|[0-9a-f]{8}|[0-9]{1,3}\.[0-9]{1,3}\.[0-9]{1,3}\.[0-9]{1,3})$/;
^(?:429496729[0-5]|42949672[0-8][0-9]|4294967[01][0-9]{2}|429496[0-6][0-9]{3}|42949[0-5][0-9]{4}|4294[0-8][0-9]{5}|429[0-3][0-9]{6}|42[0-8][0-9]{7}|4[01][0-9]{8}|[1-3][0-9]{9}|[1-9][0-9]{1,8}|[0-9]|0x[0-9a-f]{8}|[0-9a-f]{8}h|[0-9a-f]{8}|[0-9]{1,3}\.[0-9]{1,3}\.[0-9]{1,3}\.[0-9]{1,3})$
POSIX
^(?:429496729[0-5]|42949672[0-8][0-9]|4294967[01][0-9]{2}|429496[0-6][0-9]{3}|42949[0-5][0-9]{4}|4294[0-8][0-9]{5}|429[0-3][0-9]{6}|42[0-8][0-9]{7}|4[01][0-9]{8}|[1-3][0-9]{9}|[1-9][0-9]{1,8}|[0-9]|[0-9a-f]{8}|[0-9]{1,3}\.[0-9]{1,3}\.[0-9]{1,3}\.[0-9]{1,3}|[0-9a-f]{8}h|0x[0-9a-f]{8})$
^(?:429496729[0-5]|42949672[0-8][0-9]|4294967[01][0-9]{2}|429496[0-6][0-9]{3}|42949[0-5][0-9]{4}|4294[0-8][0-9]{5}|429[0-3][0-9]{6}|42[0-8][0-9]{7}|4[01][0-9]{8}|[1-3][0-9]{9}|[1-9][0-9]{1,8}|[0-9]|[0-9a-f]{8}|[0-9]{1,3}\.[0-9]{1,3}\.[0-9]{1,3}\.[0-9]{1,3}|[0-9a-f]{8}h|0x[0-9a-f]{8})$
Python
regex = re.compile(r'^(?:0x[0-9a-f]{8}|[0-9a-f]{8}h|[0-9]{1,3}\.[0-9]{1,3}\.[0-9]{1,3}\.[0-9]{1,3}|[0-9a-f]{8}|429496729[0-5]|42949672[0-8][0-9]|4294967[01][0-9]{2}|429496[0-6][0-9]{3}|42949[0-5][0-9]{4}|4294[0-8][0-9]{5}|429[0-3][0-9]{6}|42[0-8][0-9]{7}|4[01][0-9]{8}|[1-3][0-9]{9}|[1-9][0-9]{1,8}|[0-9])$')
^(?:0x[0-9a-f]{8}|[0-9a-f]{8}h|[0-9]{1,3}\.[0-9]{1,3}\.[0-9]{1,3}\.[0-9]{1,3}|[0-9a-f]{8}|429496729[0-5]|42949672[0-8][0-9]|4294967[01][0-9]{2}|429496[0-6][0-9]{3}|42949[0-5][0-9]{4}|4294[0-8][0-9]{5}|429[0-3][0-9]{6}|42[0-8][0-9]{7}|4[01][0-9]{8}|[1-3][0-9]{9}|[1-9][0-9]{1,8}|[0-9])$
JavaScript
const regex = /^(?:[0-9a-f]{8}h|0x[0-9a-f]{8}|[0-9]{1,3}\.[0-9]{1,3}\.[0-9]{1,3}\.[0-9]{1,3}|[0-9a-f]{8}|429496729[0-5]|42949672[0-8][0-9]|4294967[01][0-9]{2}|429496[0-6][0-9]{3}|42949[0-5][0-9]{4}|4294[0-8][0-9]{5}|429[0-3][0-9]{6}|42[0-8][0-9]{7}|4[01][0-9]{8}|[1-3][0-9]{9}|[1-9][0-9]{1,8}|[0-9])$/;
^(?:[0-9a-f]{8}h|0x[0-9a-f]{8}|[0-9]{1,3}\.[0-9]{1,3}\.[0-9]{1,3}\.[0-9]{1,3}|[0-9a-f]{8}|429496729[0-5]|42949672[0-8][0-9]|4294967[01][0-9]{2}|429496[0-6][0-9]{3}|42949[0-5][0-9]{4}|4294[0-8][0-9]{5}|429[0-3][0-9]{6}|42[0-8][0-9]{7}|4[01][0-9]{8}|[1-3][0-9]{9}|[1-9][0-9]{1,8}|[0-9])$
PHP
$regex = '/^(?:[0-9a-f]{8}h|429496729[0-5]|42949672[0-8][0-9]|4294967[01][0-9]{2}|429496[0-6][0-9]{3}|42949[0-5][0-9]{4}|4294[0-8][0-9]{5}|429[0-3][0-9]{6}|42[0-8][0-9]{7}|4[01][0-9]{8}|[1-3][0-9]{9}|[1-9][0-9]{1,8}|[0-9]|[0-9a-f]{8}|[0-9]{1,3}\.[0-9]{1,3}\.[0-9]{1,3}\.[0-9]{1,3}|0x[0-9a-f]{8})$/';
^(?:[0-9a-f]{8}h|429496729[0-5]|42949672[0-8][0-9]|4294967[01][0-9]{2}|429496[0-6][0-9]{3}|42949[0-5][0-9]{4}|4294[0-8][0-9]{5}|429[0-3][0-9]{6}|42[0-8][0-9]{7}|4[01][0-9]{8}|[1-3][0-9]{9}|[1-9][0-9]{1,8}|[0-9]|[0-9a-f]{8}|[0-9]{1,3}\.[0-9]{1,3}\.[0-9]{1,3}\.[0-9]{1,3}|0x[0-9a-f]{8})$
Golang
regex, _ := regexp.Compile("^(?:0x[0-9a-f]{8}|[0-9]{1,3}\\.[0-9]{1,3}\\.[0-9]{1,3}\\.[0-9]{1,3}|429496729[0-5]|42949672[0-8][0-9]|4294967[01][0-9]{2}|429496[0-6][0-9]{3}|42949[0-5][0-9]{4}|4294[0-8][0-9]{5}|429[0-3][0-9]{6}|42[0-8][0-9]{7}|4[01][0-9]{8}|[1-3][0-9]{9}|[1-9][0-9]{1,8}|[0-9]|[0-9a-f]{8}|[0-9a-f]{8}h)$")
^(?:0x[0-9a-f]{8}|[0-9]{1,3}\\.[0-9]{1,3}\\.[0-9]{1,3}\\.[0-9]{1,3}|429496729[0-5]|42949672[0-8][0-9]|4294967[01][0-9]{2}|429496[0-6][0-9]{3}|42949[0-5][0-9]{4}|4294[0-8][0-9]{5}|429[0-3][0-9]{6}|42[0-8][0-9]{7}|4[01][0-9]{8}|[1-3][0-9]{9}|[1-9][0-9]{1,8}|[0-9]|[0-9a-f]{8}|[0-9a-f]{8}h)$
Rust
let re = Regex::new(r"^(?:429496729[0-5]|42949672[0-8][0-9]|4294967[01][0-9]{2}|429496[0-6][0-9]{3}|42949[0-5][0-9]{4}|4294[0-8][0-9]{5}|429[0-3][0-9]{6}|42[0-8][0-9]{7}|4[01][0-9]{8}|[1-3][0-9]{9}|[1-9][0-9]{1,8}|[0-9]|[0-9]{1,3}\.[0-9]{1,3}\.[0-9]{1,3}\.[0-9]{1,3}|[0-9a-f]{8}|[0-9a-f]{8}h|0x[0-9a-f]{8})$").unwrap();
^(?:429496729[0-5]|42949672[0-8][0-9]|4294967[01][0-9]{2}|429496[0-6][0-9]{3}|42949[0-5][0-9]{4}|4294[0-8][0-9]{5}|429[0-3][0-9]{6}|42[0-8][0-9]{7}|4[01][0-9]{8}|[1-3][0-9]{9}|[1-9][0-9]{1,8}|[0-9]|[0-9]{1,3}\.[0-9]{1,3}\.[0-9]{1,3}\.[0-9]{1,3}|[0-9a-f]{8}|[0-9a-f]{8}h|0x[0-9a-f]{8})$
C#
var re = new Regex(@"^(?:[0-9a-f]{8}|0x[0-9a-f]{8}|429496729[0-5]|42949672[0-8][0-9]|4294967[01][0-9]{2}|429496[0-6][0-9]{3}|42949[0-5][0-9]{4}|4294[0-8][0-9]{5}|429[0-3][0-9]{6}|42[0-8][0-9]{7}|4[01][0-9]{8}|[1-3][0-9]{9}|[1-9][0-9]{1,8}|[0-9]|[0-9]{1,3}\.[0-9]{1,3}\.[0-9]{1,3}\.[0-9]{1,3}|[0-9a-f]{8}h)$");
^(?:[0-9a-f]{8}|0x[0-9a-f]{8}|429496729[0-5]|42949672[0-8][0-9]|4294967[01][0-9]{2}|429496[0-6][0-9]{3}|42949[0-5][0-9]{4}|4294[0-8][0-9]{5}|429[0-3][0-9]{6}|42[0-8][0-9]{7}|4[01][0-9]{8}|[1-3][0-9]{9}|[1-9][0-9]{1,8}|[0-9]|[0-9]{1,3}\.[0-9]{1,3}\.[0-9]{1,3}\.[0-9]{1,3}|[0-9a-f]{8}h)$
Scala
val re = "^(?:429496729[0-5]|42949672[0-8][0-9]|4294967[01][0-9]{2}|429496[0-6][0-9]{3}|42949[0-5][0-9]{4}|4294[0-8][0-9]{5}|429[0-3][0-9]{6}|42[0-8][0-9]{7}|4[01][0-9]{8}|[1-3][0-9]{9}|[1-9][0-9]{1,8}|[0-9]|[0-9]{1,3}\\.[0-9]{1,3}\\.[0-9]{1,3}\\.[0-9]{1,3}|[0-9a-f]{8}h|[0-9a-f]{8}|0x[0-9a-f]{8})$".r
^(?:429496729[0-5]|42949672[0-8][0-9]|4294967[01][0-9]{2}|429496[0-6][0-9]{3}|42949[0-5][0-9]{4}|4294[0-8][0-9]{5}|429[0-3][0-9]{6}|42[0-8][0-9]{7}|4[01][0-9]{8}|[1-3][0-9]{9}|[1-9][0-9]{1,8}|[0-9]|[0-9]{1,3}\\.[0-9]{1,3}\\.[0-9]{1,3}\\.[0-9]{1,3}|[0-9a-f]{8}h|[0-9a-f]{8}|0x[0-9a-f]{8})$
Kotlin
val regex = Regex("^(?:[0-9a-f]{8}h|429496729[0-5]|42949672[0-8][0-9]|4294967[01][0-9]{2}|429496[0-6][0-9]{3}|42949[0-5][0-9]{4}|4294[0-8][0-9]{5}|429[0-3][0-9]{6}|42[0-8][0-9]{7}|4[01][0-9]{8}|[1-3][0-9]{9}|[1-9][0-9]{1,8}|[0-9]|[0-9a-f]{8}|0x[0-9a-f]{8}|[0-9]{1,3}\\.[0-9]{1,3}\\.[0-9]{1,3}\\.[0-9]{1,3})$")
^(?:[0-9a-f]{8}h|429496729[0-5]|42949672[0-8][0-9]|4294967[01][0-9]{2}|429496[0-6][0-9]{3}|42949[0-5][0-9]{4}|4294[0-8][0-9]{5}|429[0-3][0-9]{6}|42[0-8][0-9]{7}|4[01][0-9]{8}|[1-3][0-9]{9}|[1-9][0-9]{1,8}|[0-9]|[0-9a-f]{8}|0x[0-9a-f]{8}|[0-9]{1,3}\\.[0-9]{1,3}\\.[0-9]{1,3}\\.[0-9]{1,3})$