Java
Pattern regex = Pattern.compile("(?:mailto:)?+[\\d_a-z-]++(?:\\.[\\d_a-z-]+)*@(?:[\\da-z-]++\\.)+[a-z]{2,63}+");
(?:mailto:)?+[\\d_a-z-]++(?:\\.[\\d_a-z-]+)*@(?:[\\da-z-]++\\.)+[a-z]{2,63}+
Perl
my $regex = /(?:mailto:)?+[\d_a-z-]++(?:\.[\d_a-z-]+)*@(?:[\da-z-]++\.)+[a-z]{2,63}+/;
(?:mailto:)?+[\d_a-z-]++(?:\.[\d_a-z-]+)*@(?:[\da-z-]++\.)+[a-z]{2,63}+
POSIX
(?:mailto:)?+[\d_a-z-]++(?:\.[\d_a-z-]+)*@(?:[\da-z-]++\.)+[a-z]{2,63}+
(?:mailto:)?+[\d_a-z-]++(?:\.[\d_a-z-]+)*@(?:[\da-z-]++\.)+[a-z]{2,63}+
Python
regex = re.compile(r'(?:mailto:)?+[\d_a-z-]+(?:\.[\d_a-z-]+)*@(?:[\da-z-]+\.)+[a-z]{2,63}')
(?:mailto:)?+[\d_a-z-]+(?:\.[\d_a-z-]+)*@(?:[\da-z-]+\.)+[a-z]{2,63}
JavaScript
const regex = /(?:mailto:)?+[\d_a-z-]+(?:\.[\d_a-z-]+)*@(?:[\da-z-]+\.)+[a-z]{2,63}/;
(?:mailto:)?+[\d_a-z-]+(?:\.[\d_a-z-]+)*@(?:[\da-z-]+\.)+[a-z]{2,63}
PHP
$regex = '/(?:mailto:)?+[\d_a-z-]++(?:\.[\d_a-z-]+)*@(?:[\da-z-]++\.)+[a-z]{2,63}+/';
(?:mailto:)?+[\d_a-z-]++(?:\.[\d_a-z-]+)*@(?:[\da-z-]++\.)+[a-z]{2,63}+
Golang
regex, _ := regexp.Compile("(?:mailto:)?+[\\d_a-z-]+(?:\\.[\\d_a-z-]+)*@(?:[\\da-z-]+\\.)+[a-z]{2,63}")
(?:mailto:)?+[\\d_a-z-]+(?:\\.[\\d_a-z-]+)*@(?:[\\da-z-]+\\.)+[a-z]{2,63}
Rust
let re = Regex::new(r"(?:mailto:)?+[\d_a-z-]+(?:\.[\d_a-z-]+)*@(?:[\da-z-]+\.)+[a-z]{2,63}").unwrap();
(?:mailto:)?+[\d_a-z-]+(?:\.[\d_a-z-]+)*@(?:[\da-z-]+\.)+[a-z]{2,63}
C#
var re = new Regex(@"(?:mailto:)?+[\d_a-z-]+(?:\.[\d_a-z-]+)*@(?:[\da-z-]+\.)+[a-z]{2,63}");
(?:mailto:)?+[\d_a-z-]+(?:\.[\d_a-z-]+)*@(?:[\da-z-]+\.)+[a-z]{2,63}
Scala
val re = "(?:mailto:)?+[\\d_a-z-]++(?:\\.[\\d_a-z-]+)*@(?:[\\da-z-]++\\.)+[a-z]{2,63}+".r
(?:mailto:)?+[\\d_a-z-]++(?:\\.[\\d_a-z-]+)*@(?:[\\da-z-]++\\.)+[a-z]{2,63}+
Kotlin
val regex = Regex("(?:mailto:)?+[\\d_a-z-]++(?:\\.[\\d_a-z-]+)*@(?:[\\da-z-]++\\.)+[a-z]{2,63}+")
(?:mailto:)?+[\\d_a-z-]++(?:\\.[\\d_a-z-]+)*@(?:[\\da-z-]++\\.)+[a-z]{2,63}+