Java
Pattern regex = Pattern.compile("\\b[\\d!#$%&'*+/=?_`a-z{|}~^-]++(?:\\.[\\d!#$%&'*+/=?_`a-z{|}~^-]+)*@(?:[\\da-z-]++\\.)+[a-z]{2,63}+\\b");
\\b[\\d!#$%&'*+/=?_`a-z{|}~^-]++(?:\\.[\\d!#$%&'*+/=?_`a-z{|}~^-]+)*@(?:[\\da-z-]++\\.)+[a-z]{2,63}+\\b
Perl
my $regex = /\b[\d!#$%&'*+\/=?_`a-z{|}~^-]++(?:\.[\d!#$%&'*+\/=?_`a-z{|}~^-]+)*@(?:[\da-z-]++\.)+[a-z]{2,63}+\b/;
\b[\d!#$%&'*+\/=?_`a-z{|}~^-]++(?:\.[\d!#$%&'*+\/=?_`a-z{|}~^-]+)*@(?:[\da-z-]++\.)+[a-z]{2,63}+\b
POSIX
\b[\d!#$%&'*+/=?_`a-z{|}~^-]++(?:\.[\d!#$%&'*+/=?_`a-z{|}~^-]+)*@(?:[\da-z-]++\.)+[a-z]{2,63}+\b
\b[\d!#$%&'*+/=?_`a-z{|}~^-]++(?:\.[\d!#$%&'*+/=?_`a-z{|}~^-]+)*@(?:[\da-z-]++\.)+[a-z]{2,63}+\b
Python
regex = re.compile(r'\b[\d!#$%&\'*+/=?_`a-z{|}~^-]+(?:\.[\d!#$%&\'*+/=?_`a-z{|}~^-]+)*@(?:[\da-z-]+\.)+[a-z]{2,63}\b')
\b[\d!#$%&\'*+/=?_`a-z{|}~^-]+(?:\.[\d!#$%&\'*+/=?_`a-z{|}~^-]+)*@(?:[\da-z-]+\.)+[a-z]{2,63}\b
JavaScript
const regex = /\b[\d!#$%&'*+\/=?_`a-z{|}~^-]+(?:\.[\d!#$%&'*+\/=?_`a-z{|}~^-]+)*@(?:[\da-z-]+\.)+[a-z]{2,63}\b/;
\b[\d!#$%&'*+\/=?_`a-z{|}~^-]+(?:\.[\d!#$%&'*+\/=?_`a-z{|}~^-]+)*@(?:[\da-z-]+\.)+[a-z]{2,63}\b
PHP
$regex = '/\b[\d!#$%&'*+\/=?_`a-z{|}~^-]++(?:\.[\d!#$%&'*+\/=?_`a-z{|}~^-]+)*@(?:[\da-z-]++\.)+[a-z]{2,63}+\b/';
\b[\d!#$%&'*+\/=?_`a-z{|}~^-]++(?:\.[\d!#$%&'*+\/=?_`a-z{|}~^-]+)*@(?:[\da-z-]++\.)+[a-z]{2,63}+\b
Golang
regex, _ := regexp.Compile("\\b[\\d!#$%&'*+/=?_`a-z{|}~^-]+(?:\\.[\\d!#$%&'*+/=?_`a-z{|}~^-]+)*@(?:[\\da-z-]+\\.)+[a-z]{2,63}\\b")
\\b[\\d!#$%&'*+/=?_`a-z{|}~^-]+(?:\\.[\\d!#$%&'*+/=?_`a-z{|}~^-]+)*@(?:[\\da-z-]+\\.)+[a-z]{2,63}\\b
Rust
let re = Regex::new(r"\b[\d!#$%&'*+/=?_`a-z{|}~^-]+(?:\.[\d!#$%&'*+/=?_`a-z{|}~^-]+)*@(?:[\da-z-]+\.)+[a-z]{2,63}\b").unwrap();
\b[\d!#$%&'*+/=?_`a-z{|}~^-]+(?:\.[\d!#$%&'*+/=?_`a-z{|}~^-]+)*@(?:[\da-z-]+\.)+[a-z]{2,63}\b
C#
var re = new Regex(@"\b[\d!#$%&'*+/=?_`a-z{|}~^-]+(?:\.[\d!#$%&'*+/=?_`a-z{|}~^-]+)*@(?:[\da-z-]+\.)+[a-z]{2,63}\b");
\b[\d!#$%&'*+/=?_`a-z{|}~^-]+(?:\.[\d!#$%&'*+/=?_`a-z{|}~^-]+)*@(?:[\da-z-]+\.)+[a-z]{2,63}\b
Scala
val re = "\\b[\\d!#$%&'*+/=?_`a-z{|}~^-]++(?:\\.[\\d!#$%&'*+/=?_`a-z{|}~^-]+)*@(?:[\\da-z-]++\\.)+[a-z]{2,63}+\\b".r
\\b[\\d!#$%&'*+/=?_`a-z{|}~^-]++(?:\\.[\\d!#$%&'*+/=?_`a-z{|}~^-]+)*@(?:[\\da-z-]++\\.)+[a-z]{2,63}+\\b
Kotlin
val regex = Regex("\\b[\\d!#$%&'*+/=?_`a-z{|}~^-]++(?:\\.[\\d!#$%&'*+/=?_`a-z{|}~^-]+)*@(?:[\\da-z-]++\\.)+[a-z]{2,63}+\\b")
\\b[\\d!#$%&'*+/=?_`a-z{|}~^-]++(?:\\.[\\d!#$%&'*+/=?_`a-z{|}~^-]+)*@(?:[\\da-z-]++\\.)+[a-z]{2,63}+\\b