Java
Pattern regex = Pattern.compile("\\{[\\da-f]{8}-[\\da-f]{4}-[\\da-f]{4}-[\\da-f]{4}-[\\da-f]{12}}");
\\{[\\da-f]{8}-[\\da-f]{4}-[\\da-f]{4}-[\\da-f]{4}-[\\da-f]{12}}
Perl
my $regex = /\{[\da-f]{8}-[\da-f]{4}-[\da-f]{4}-[\da-f]{4}-[\da-f]{12}}/;
\{[\da-f]{8}-[\da-f]{4}-[\da-f]{4}-[\da-f]{4}-[\da-f]{12}}
POSIX
\{[\da-f]{8}-[\da-f]{4}-[\da-f]{4}-[\da-f]{4}-[\da-f]{12}}
\{[\da-f]{8}-[\da-f]{4}-[\da-f]{4}-[\da-f]{4}-[\da-f]{12}}
Python
regex = re.compile(r'\{[\da-f]{8}-[\da-f]{4}-[\da-f]{4}-[\da-f]{4}-[\da-f]{12}}')
\{[\da-f]{8}-[\da-f]{4}-[\da-f]{4}-[\da-f]{4}-[\da-f]{12}}
JavaScript
const regex = /\{[\da-f]{8}-[\da-f]{4}-[\da-f]{4}-[\da-f]{4}-[\da-f]{12}}/;
\{[\da-f]{8}-[\da-f]{4}-[\da-f]{4}-[\da-f]{4}-[\da-f]{12}}
PHP
$regex = '/\{[\da-f]{8}-[\da-f]{4}-[\da-f]{4}-[\da-f]{4}-[\da-f]{12}}/';
\{[\da-f]{8}-[\da-f]{4}-[\da-f]{4}-[\da-f]{4}-[\da-f]{12}}
Golang
regex, _ := regexp.Compile("\\{[\\da-f]{8}-[\\da-f]{4}-[\\da-f]{4}-[\\da-f]{4}-[\\da-f]{12}}")
\\{[\\da-f]{8}-[\\da-f]{4}-[\\da-f]{4}-[\\da-f]{4}-[\\da-f]{12}}
Rust
let re = Regex::new(r"\{[\da-f]{8}-[\da-f]{4}-[\da-f]{4}-[\da-f]{4}-[\da-f]{12}}").unwrap();
\{[\da-f]{8}-[\da-f]{4}-[\da-f]{4}-[\da-f]{4}-[\da-f]{12}}
C#
var re = new Regex(@"\{[\da-f]{8}-[\da-f]{4}-[\da-f]{4}-[\da-f]{4}-[\da-f]{12}}");
\{[\da-f]{8}-[\da-f]{4}-[\da-f]{4}-[\da-f]{4}-[\da-f]{12}}
Scala
val re = "\\{[\\da-f]{8}-[\\da-f]{4}-[\\da-f]{4}-[\\da-f]{4}-[\\da-f]{12}}".r
\\{[\\da-f]{8}-[\\da-f]{4}-[\\da-f]{4}-[\\da-f]{4}-[\\da-f]{12}}
Kotlin
val regex = Regex("\\{[\\da-f]{8}-[\\da-f]{4}-[\\da-f]{4}-[\\da-f]{4}-[\\da-f]{12}}")
\\{[\\da-f]{8}-[\\da-f]{4}-[\\da-f]{4}-[\\da-f]{4}-[\\da-f]{12}}