Java
Pattern regex = Pattern.compile("(?:(?:feed|https?)://|www\\.)(?:[\\da-z-]++\\.)+[a-z]{2,63}+/?(?:/[]\\d!"#$%&'()*+,.:;<=>?@\[\\_`a-z{|}~^-]*)?");
(?:(?:feed|https?)://|www\\.)(?:[\\da-z-]++\\.)+[a-z]{2,63}+/?(?:/[]\\d!"#$%&'()*+,.:;<=>?@\[\\_`a-z{|}~^-]*)?
Perl
my $regex = /(?:(?:feed|https?):\/\/|www\.)(?:[\da-z-]++\.)+[a-z]{2,63}+\/?(?:\/[]\d!"#$%&'()*+,.:;<=>?@\[\_`a-z{|}~^-]*)?/;
(?:(?:feed|https?):\/\/|www\.)(?:[\da-z-]++\.)+[a-z]{2,63}+\/?(?:\/[]\d!"#$%&'()*+,.:;<=>?@\[\_`a-z{|}~^-]*)?
POSIX
(?:(?:feed|https?)://|www\.)(?:[\da-z-]++\.)+[a-z]{2,63}+/?(?:/[]\d!"#$%&'()*+,.:;<=>?@\[\_`a-z{|}~^-]*)?
(?:(?:feed|https?)://|www\.)(?:[\da-z-]++\.)+[a-z]{2,63}+/?(?:/[]\d!"#$%&'()*+,.:;<=>?@\[\_`a-z{|}~^-]*)?
Python
regex = re.compile(r'(?:(?:feed|https?)://|www\.)(?:[\da-z-]+\.)+[a-z]{2,63}/?(?:/[]\d!"#$%&\'()*+,.:;<=>?@\[\_`a-z{|}~^-]*)?')
(?:(?:feed|https?)://|www\.)(?:[\da-z-]+\.)+[a-z]{2,63}/?(?:/[]\d!"#$%&\'()*+,.:;<=>?@\[\_`a-z{|}~^-]*)?
JavaScript
const regex = /(?:(?:feed|https?):\/\/|www\.)(?:[\da-z-]+\.)+[a-z]{2,63}\/?(?:\/[]\d!"#$%&'()*+,.:;<=>?@\[\_`a-z{|}~^-]*)?/;
(?:(?:feed|https?):\/\/|www\.)(?:[\da-z-]+\.)+[a-z]{2,63}\/?(?:\/[]\d!"#$%&'()*+,.:;<=>?@\[\_`a-z{|}~^-]*)?
PHP
$regex = '/(?:(?:feed|https?):\/\/|www\.)(?:[\da-z-]++\.)+[a-z]{2,63}+\/?(?:\/[]\d!"#$%&'()*+,.:;<=>?@\[\_`a-z{|}~^-]*)?/';
(?:(?:feed|https?):\/\/|www\.)(?:[\da-z-]++\.)+[a-z]{2,63}+\/?(?:\/[]\d!"#$%&'()*+,.:;<=>?@\[\_`a-z{|}~^-]*)?
Golang
regex, _ := regexp.Compile("(?:(?:feed|https?)://|www\\.)(?:[\\da-z-]+\\.)+[a-z]{2,63}/?(?:/[]\\d!"#$%&'()*+,.:;<=>?@\[\\_`a-z{|}~^-]*)?")
(?:(?:feed|https?)://|www\\.)(?:[\\da-z-]+\\.)+[a-z]{2,63}/?(?:/[]\\d!"#$%&'()*+,.:;<=>?@\[\\_`a-z{|}~^-]*)?
Rust
let re = Regex::new(r"(?:(?:feed|https?)://|www\.)(?:[\da-z-]+\.)+[a-z]{2,63}/?(?:/[]\d!"#$%&'()*+,.:;<=>?@\[\_`a-z{|}~^-]*)?").unwrap();
(?:(?:feed|https?)://|www\.)(?:[\da-z-]+\.)+[a-z]{2,63}/?(?:/[]\d!"#$%&'()*+,.:;<=>?@\[\_`a-z{|}~^-]*)?
C#
var re = new Regex(@"(?:(?:feed|https?)://|www\.)(?:[\da-z-]+\.)+[a-z]{2,63}/?(?:/[]\d!"#$%&'()*+,.:;<=>?@\[\_`a-z{|}~^-]*)?");
(?:(?:feed|https?)://|www\.)(?:[\da-z-]+\.)+[a-z]{2,63}/?(?:/[]\d!"#$%&'()*+,.:;<=>?@\[\_`a-z{|}~^-]*)?
Scala
val re = "(?:(?:feed|https?)://|www\\.)(?:[\\da-z-]++\\.)+[a-z]{2,63}+/?(?:/[]\\d!"#$%&'()*+,.:;<=>?@\[\\_`a-z{|}~^-]*)?".r
(?:(?:feed|https?)://|www\\.)(?:[\\da-z-]++\\.)+[a-z]{2,63}+/?(?:/[]\\d!"#$%&'()*+,.:;<=>?@\[\\_`a-z{|}~^-]*)?
Kotlin
val regex = Regex("(?:(?:feed|https?)://|www\\.)(?:[\\da-z-]++\\.)+[a-z]{2,63}+/?(?:/[]\\d!"#$%&'()*+,.:;<=>?@\[\\_`a-z{|}~^-]*)?")
(?:(?:feed|https?)://|www\\.)(?:[\\da-z-]++\\.)+[a-z]{2,63}+/?(?:/[]\\d!"#$%&'()*+,.:;<=>?@\[\\_`a-z{|}~^-]*)?