Java
Pattern regex = Pattern.compile("(?:(?:feed|https?)://|www\\.)(?:[]\d!"#$%&'()*+,./:;<=>?@\[\\_`a-z{|}~^-]+@)?(?:[\\da-z-]++\\.)+[a-z]{2,63}+:\\d{1,5}+/?");
(?:(?:feed|https?)://|www\\.)(?:[]\d!"#$%&'()*+,./:;<=>?@\[\\_`a-z{|}~^-]+@)?(?:[\\da-z-]++\\.)+[a-z]{2,63}+:\\d{1,5}+/?
Perl
my $regex = /(?:(?:feed|https?):\/\/|www\.)(?:[]\d!"#$%&'()*+,.\/:;<=>?@\[\_`a-z{|}~^-]+@)?(?:[\da-z-]++\.)+[a-z]{2,63}+:\d{1,5}+\/?/;
(?:(?:feed|https?):\/\/|www\.)(?:[]\d!"#$%&'()*+,.\/:;<=>?@\[\_`a-z{|}~^-]+@)?(?:[\da-z-]++\.)+[a-z]{2,63}+:\d{1,5}+\/?
POSIX
(?:(?:feed|https?)://|www\.)(?:[]\d!"#$%&'()*+,./:;<=>?@\[\_`a-z{|}~^-]+@)?(?:[\da-z-]++\.)+[a-z]{2,63}+:\d{1,5}+/?
(?:(?:feed|https?)://|www\.)(?:[]\d!"#$%&'()*+,./:;<=>?@\[\_`a-z{|}~^-]+@)?(?:[\da-z-]++\.)+[a-z]{2,63}+:\d{1,5}+/?
Python
regex = re.compile(r'(?:(?:feed|https?)://|www\.)(?:[]\d!"#$%&\'()*+,./:;<=>?@\[\_`a-z{|}~^-]+@)?(?:[\da-z-]+\.)+[a-z]{2,63}:\d{1,5}/?')
(?:(?:feed|https?)://|www\.)(?:[]\d!"#$%&\'()*+,./:;<=>?@\[\_`a-z{|}~^-]+@)?(?:[\da-z-]+\.)+[a-z]{2,63}:\d{1,5}/?
JavaScript
const regex = /(?:(?:feed|https?):\/\/|www\.)(?:[]\d!"#$%&'()*+,.\/:;<=>?@\[\_`a-z{|}~^-]+@)?(?:[\da-z-]+\.)+[a-z]{2,63}:\d{1,5}\/?/;
(?:(?:feed|https?):\/\/|www\.)(?:[]\d!"#$%&'()*+,.\/:;<=>?@\[\_`a-z{|}~^-]+@)?(?:[\da-z-]+\.)+[a-z]{2,63}:\d{1,5}\/?
PHP
$regex = '/(?:(?:feed|https?):\/\/|www\.)(?:[]\d!"#$%&'()*+,.\/:;<=>?@\[\_`a-z{|}~^-]+@)?(?:[\da-z-]++\.)+[a-z]{2,63}+:\d{1,5}+\/?/';
(?:(?:feed|https?):\/\/|www\.)(?:[]\d!"#$%&'()*+,.\/:;<=>?@\[\_`a-z{|}~^-]+@)?(?:[\da-z-]++\.)+[a-z]{2,63}+:\d{1,5}+\/?
Golang
regex, _ := regexp.Compile("(?:(?:feed|https?)://|www\\.)(?:[]\d!"#$%&'()*+,./:;<=>?@\[\\_`a-z{|}~^-]+@)?(?:[\\da-z-]+\\.)+[a-z]{2,63}:\\d{1,5}/?")
(?:(?:feed|https?)://|www\\.)(?:[]\d!"#$%&'()*+,./:;<=>?@\[\\_`a-z{|}~^-]+@)?(?:[\\da-z-]+\\.)+[a-z]{2,63}:\\d{1,5}/?
Rust
let re = Regex::new(r"(?:(?:feed|https?)://|www\.)(?:[]\d!"#$%&'()*+,./:;<=>?@\[\_`a-z{|}~^-]+@)?(?:[\da-z-]+\.)+[a-z]{2,63}:\d{1,5}/?").unwrap();
(?:(?:feed|https?)://|www\.)(?:[]\d!"#$%&'()*+,./:;<=>?@\[\_`a-z{|}~^-]+@)?(?:[\da-z-]+\.)+[a-z]{2,63}:\d{1,5}/?
C#
var re = new Regex(@"(?:(?:feed|https?)://|www\.)(?:[]\d!"#$%&'()*+,./:;<=>?@\[\_`a-z{|}~^-]+@)?(?:[\da-z-]+\.)+[a-z]{2,63}:\d{1,5}/?");
(?:(?:feed|https?)://|www\.)(?:[]\d!"#$%&'()*+,./:;<=>?@\[\_`a-z{|}~^-]+@)?(?:[\da-z-]+\.)+[a-z]{2,63}:\d{1,5}/?
Scala
val re = "(?:(?:feed|https?)://|www\\.)(?:[]\d!"#$%&'()*+,./:;<=>?@\[\\_`a-z{|}~^-]+@)?(?:[\\da-z-]++\\.)+[a-z]{2,63}+:\\d{1,5}+/?".r
(?:(?:feed|https?)://|www\\.)(?:[]\d!"#$%&'()*+,./:;<=>?@\[\\_`a-z{|}~^-]+@)?(?:[\\da-z-]++\\.)+[a-z]{2,63}+:\\d{1,5}+/?
Kotlin
val regex = Regex("(?:(?:feed|https?)://|www\\.)(?:[]\d!"#$%&'()*+,./:;<=>?@\[\\_`a-z{|}~^-]+@)?(?:[\\da-z-]++\\.)+[a-z]{2,63}+:\\d{1,5}+/?")
(?:(?:feed|https?)://|www\\.)(?:[]\d!"#$%&'()*+,./:;<=>?@\[\\_`a-z{|}~^-]+@)?(?:[\\da-z-]++\\.)+[a-z]{2,63}+:\\d{1,5}+/?