Java
Pattern regex = Pattern.compile("(?:https?//|www\\.)(?:[]\d!"#$%&'()*+,./:;<=>?@\[\\_`a-z{|}~^-]+?(?::[\\w!#$%&'*+./=?`{|}~^-]+)?@(?:[\\da-z-]++\\.)+[a-z]{2,63}+/?/?(?:\?[]\d!"#$%&'()*+,./:;<=>?@\[\\_`a-z{|}~^-]*)?");
(?:https?//|www\\.)(?:[]\d!"#$%&'()*+,./:;<=>?@\[\\_`a-z{|}~^-]+?(?::[\\w!#$%&'*+./=?`{|}~^-]+)?@(?:[\\da-z-]++\\.)+[a-z]{2,63}+/?/?(?:\?[]\d!"#$%&'()*+,./:;<=>?@\[\\_`a-z{|}~^-]*)?
Perl
my $regex = /(?:https?\/\/|www\.)(?:[]\d!"#$%&'()*+,.\/:;<=>?@\[\_`a-z{|}~^-]+?(?::[\w!#$%&'*+.\/=?`{|}~^-]+)?@(?:[\da-z-]++\.)+[a-z]{2,63}+\/?\/?(?:\?[]\d!"#$%&'()*+,.\/:;<=>?@\[\_`a-z{|}~^-]*)?/;
(?:https?\/\/|www\.)(?:[]\d!"#$%&'()*+,.\/:;<=>?@\[\_`a-z{|}~^-]+?(?::[\w!#$%&'*+.\/=?`{|}~^-]+)?@(?:[\da-z-]++\.)+[a-z]{2,63}+\/?\/?(?:\?[]\d!"#$%&'()*+,.\/:;<=>?@\[\_`a-z{|}~^-]*)?
POSIX
(?:https?//|www\.)(?:[]\d!"#$%&'()*+,./:;<=>?@\[\_`a-z{|}~^-]+?(?::[\w!#$%&'*+./=?`{|}~^-]+)?@(?:[\da-z-]++\.)+[a-z]{2,63}+/?/?(?:\?[]\d!"#$%&'()*+,./:;<=>?@\[\_`a-z{|}~^-]*)?
(?:https?//|www\.)(?:[]\d!"#$%&'()*+,./:;<=>?@\[\_`a-z{|}~^-]+?(?::[\w!#$%&'*+./=?`{|}~^-]+)?@(?:[\da-z-]++\.)+[a-z]{2,63}+/?/?(?:\?[]\d!"#$%&'()*+,./:;<=>?@\[\_`a-z{|}~^-]*)?
Python
regex = re.compile(r'(?:https?//|www\.)(?:[]\d!"#$%&\'()*+,./:;<=>?@\[\_`a-z{|}~^-]+?(?::[\w!#$%&\'*+./=?`{|}~^-]+)?@(?:[\da-z-]+\.)+[a-z]{2,63}/?/?(?:\?[]\d!"#$%&\'()*+,./:;<=>?@\[\_`a-z{|}~^-]*)?')
(?:https?//|www\.)(?:[]\d!"#$%&\'()*+,./:;<=>?@\[\_`a-z{|}~^-]+?(?::[\w!#$%&\'*+./=?`{|}~^-]+)?@(?:[\da-z-]+\.)+[a-z]{2,63}/?/?(?:\?[]\d!"#$%&\'()*+,./:;<=>?@\[\_`a-z{|}~^-]*)?
JavaScript
const regex = /(?:https?\/\/|www\.)(?:[]\d!"#$%&'()*+,.\/:;<=>?@\[\_`a-z{|}~^-]+?(?::[\w!#$%&'*+.\/=?`{|}~^-]+)?@(?:[\da-z-]+\.)+[a-z]{2,63}\/?\/?(?:\?[]\d!"#$%&'()*+,.\/:;<=>?@\[\_`a-z{|}~^-]*)?/;
(?:https?\/\/|www\.)(?:[]\d!"#$%&'()*+,.\/:;<=>?@\[\_`a-z{|}~^-]+?(?::[\w!#$%&'*+.\/=?`{|}~^-]+)?@(?:[\da-z-]+\.)+[a-z]{2,63}\/?\/?(?:\?[]\d!"#$%&'()*+,.\/:;<=>?@\[\_`a-z{|}~^-]*)?
PHP
$regex = '/(?:https?\/\/|www\.)(?:[]\d!"#$%&'()*+,.\/:;<=>?@\[\_`a-z{|}~^-]+?(?::[\w!#$%&'*+.\/=?`{|}~^-]+)?@(?:[\da-z-]++\.)+[a-z]{2,63}+\/?\/?(?:\?[]\d!"#$%&'()*+,.\/:;<=>?@\[\_`a-z{|}~^-]*)?/';
(?:https?\/\/|www\.)(?:[]\d!"#$%&'()*+,.\/:;<=>?@\[\_`a-z{|}~^-]+?(?::[\w!#$%&'*+.\/=?`{|}~^-]+)?@(?:[\da-z-]++\.)+[a-z]{2,63}+\/?\/?(?:\?[]\d!"#$%&'()*+,.\/:;<=>?@\[\_`a-z{|}~^-]*)?
Golang
regex, _ := regexp.Compile("(?:https?//|www\\.)(?:[]\d!"#$%&'()*+,./:;<=>?@\[\\_`a-z{|}~^-]+?(?::[\\w!#$%&'*+./=?`{|}~^-]+)?@(?:[\\da-z-]+\\.)+[a-z]{2,63}/?/?(?:\?[]\d!"#$%&'()*+,./:;<=>?@\[\\_`a-z{|}~^-]*)?")
(?:https?//|www\\.)(?:[]\d!"#$%&'()*+,./:;<=>?@\[\\_`a-z{|}~^-]+?(?::[\\w!#$%&'*+./=?`{|}~^-]+)?@(?:[\\da-z-]+\\.)+[a-z]{2,63}/?/?(?:\?[]\d!"#$%&'()*+,./:;<=>?@\[\\_`a-z{|}~^-]*)?
Rust
let re = Regex::new(r"(?:https?//|www\.)(?:[]\d!"#$%&'()*+,./:;<=>?@\[\_`a-z{|}~^-]+?(?::[\w!#$%&'*+./=?`{|}~^-]+)?@(?:[\da-z-]+\.)+[a-z]{2,63}/?/?(?:\?[]\d!"#$%&'()*+,./:;<=>?@\[\_`a-z{|}~^-]*)?").unwrap();
(?:https?//|www\.)(?:[]\d!"#$%&'()*+,./:;<=>?@\[\_`a-z{|}~^-]+?(?::[\w!#$%&'*+./=?`{|}~^-]+)?@(?:[\da-z-]+\.)+[a-z]{2,63}/?/?(?:\?[]\d!"#$%&'()*+,./:;<=>?@\[\_`a-z{|}~^-]*)?
C#
var re = new Regex(@"(?:https?//|www\.)(?:[]\d!"#$%&'()*+,./:;<=>?@\[\_`a-z{|}~^-]+?(?::[\w!#$%&'*+./=?`{|}~^-]+)?@(?:[\da-z-]+\.)+[a-z]{2,63}/?/?(?:\?[]\d!"#$%&'()*+,./:;<=>?@\[\_`a-z{|}~^-]*)?");
(?:https?//|www\.)(?:[]\d!"#$%&'()*+,./:;<=>?@\[\_`a-z{|}~^-]+?(?::[\w!#$%&'*+./=?`{|}~^-]+)?@(?:[\da-z-]+\.)+[a-z]{2,63}/?/?(?:\?[]\d!"#$%&'()*+,./:;<=>?@\[\_`a-z{|}~^-]*)?
Scala
val re = "(?:https?//|www\\.)(?:[]\d!"#$%&'()*+,./:;<=>?@\[\\_`a-z{|}~^-]+?(?::[\\w!#$%&'*+./=?`{|}~^-]+)?@(?:[\\da-z-]++\\.)+[a-z]{2,63}+/?/?(?:\?[]\d!"#$%&'()*+,./:;<=>?@\[\\_`a-z{|}~^-]*)?".r
(?:https?//|www\\.)(?:[]\d!"#$%&'()*+,./:;<=>?@\[\\_`a-z{|}~^-]+?(?::[\\w!#$%&'*+./=?`{|}~^-]+)?@(?:[\\da-z-]++\\.)+[a-z]{2,63}+/?/?(?:\?[]\d!"#$%&'()*+,./:;<=>?@\[\\_`a-z{|}~^-]*)?
Kotlin
val regex = Regex("(?:https?//|www\\.)(?:[]\d!"#$%&'()*+,./:;<=>?@\[\\_`a-z{|}~^-]+?(?::[\\w!#$%&'*+./=?`{|}~^-]+)?@(?:[\\da-z-]++\\.)+[a-z]{2,63}+/?/?(?:\?[]\d!"#$%&'()*+,./:;<=>?@\[\\_`a-z{|}~^-]*)?")
(?:https?//|www\\.)(?:[]\d!"#$%&'()*+,./:;<=>?@\[\\_`a-z{|}~^-]+?(?::[\\w!#$%&'*+./=?`{|}~^-]+)?@(?:[\\da-z-]++\\.)+[a-z]{2,63}+/?/?(?:\?[]\d!"#$%&'()*+,./:;<=>?@\[\\_`a-z{|}~^-]*)?